Archive member included to satisfy reference by file (symbol)

/Applications/CrossWorks for ARM 4.3/lib/libc_v6m_t_le_eabi.a(libc_asm.o)
                              Proj1 THUMB Debug/stm32l0xx_hal_uart.o (__aeabi_uldivmod)
/Applications/CrossWorks for ARM 4.3/lib/libc_v6m_t_le_eabi.a(libc2.o)
                              Proj1 THUMB Debug/ds3231.o (sprintf)
/Applications/CrossWorks for ARM 4.3/lib/libc_v6m_t_le_eabi.a(libc2_asm.o)
                              /Applications/CrossWorks for ARM 4.3/lib/libc_v6m_t_le_eabi.a(libc2.o) (memcpy)
/Applications/CrossWorks for ARM 4.3/lib/libc_v6m_t_le_eabi.a(libc.o)
                              /Applications/CrossWorks for ARM 4.3/lib/libc_v6m_t_le_eabi.a(libc2.o) (__heap_lock)
/Applications/CrossWorks for ARM 4.3/lib/libdebugio_v6m_t_le_eabi.a(libdebugio.o)
                              Proj1 THUMB Debug/thumb_crt0.o (debug_fopen)
/Applications/CrossWorks for ARM 4.3/lib/libdebugio_mempoll_v6m_t_le_eabi.a(mempoll_debug_operations.o)
                              /Applications/CrossWorks for ARM 4.3/lib/libdebugio_v6m_t_le_eabi.a(libdebugio.o) (__do_debug_operation)
/Applications/CrossWorks for ARM 4.3/lib/libdebugio_mempoll_v6m_t_le_eabi.a(do_nv_debug_operation.o)
                              /Applications/CrossWorks for ARM 4.3/lib/libdebugio_v6m_t_le_eabi.a(libdebugio.o) (__do_nvdebug_operation)
/Applications/CrossWorks for ARM 4.3/lib/libm_v6m_t_le_eabi.a(libm_asm.o)
                              /Applications/CrossWorks for ARM 4.3/lib/libc_v6m_t_le_eabi.a(libc2.o) (__aeabi_i2f)
/Applications/CrossWorks for ARM 4.3/lib/libm_v6m_t_le_eabi.a(libm2.o)
                              /Applications/CrossWorks for ARM 4.3/lib/libvfprintf_v6m_t_le_eabi.o (frexp)
/Applications/CrossWorks for ARM 4.3/lib/libm_v6m_t_le_eabi.a(libm2_asm.o)
                              /Applications/CrossWorks for ARM 4.3/lib/libm_v6m_t_le_eabi.a(libm2.o) (fabs)

Discarded input sections

 .text          0x0000000000000000        0x0 Proj1 THUMB Debug/thumb_crt0.o
 .data          0x0000000000000000        0x0 Proj1 THUMB Debug/thumb_crt0.o
 .bss           0x0000000000000000        0x0 Proj1 THUMB Debug/thumb_crt0.o
 .text.abort    0x0000000000000000        0x2 Proj1 THUMB Debug/thumb_crt0.o
 .text.__assert
                0x0000000000000000        0x2 Proj1 THUMB Debug/thumb_crt0.o
 .text.__aeabi_assert
                0x0000000000000000        0x2 Proj1 THUMB Debug/thumb_crt0.o
 .text.__sync_synchronize
                0x0000000000000000        0x2 Proj1 THUMB Debug/thumb_crt0.o
 .text.__getchar
                0x0000000000000000       0x10 Proj1 THUMB Debug/thumb_crt0.o
 .text.__putchar
                0x0000000000000000       0x10 Proj1 THUMB Debug/thumb_crt0.o
 .text.__open   0x0000000000000000       0x10 Proj1 THUMB Debug/thumb_crt0.o
 .text.__close  0x0000000000000000       0x10 Proj1 THUMB Debug/thumb_crt0.o
 .text.__write  0x0000000000000000       0x14 Proj1 THUMB Debug/thumb_crt0.o
 .text.__read   0x0000000000000000       0x14 Proj1 THUMB Debug/thumb_crt0.o
 .text.__seek   0x0000000000000000       0x1c Proj1 THUMB Debug/thumb_crt0.o
 .bss.__user_locale_name_buffer
                0x0000000000000000        0x4 Proj1 THUMB Debug/thumb_crt0.o
 .stack         0x0000000000000000        0x0 Proj1 THUMB Debug/thumb_crt0.o
 .stack_process
                0x0000000000000000        0x0 Proj1 THUMB Debug/thumb_crt0.o
 .heap          0x0000000000000000        0x0 Proj1 THUMB Debug/thumb_crt0.o
 .text          0x0000000000000000        0x0 Proj1 THUMB Debug/STM32_Startup.o
 .data          0x0000000000000000        0x0 Proj1 THUMB Debug/STM32_Startup.o
 .bss           0x0000000000000000        0x0 Proj1 THUMB Debug/STM32_Startup.o
 .group         0x0000000000000000        0xc Proj1 THUMB Debug/main.o
 .group         0x0000000000000000        0xc Proj1 THUMB Debug/main.o
 .group         0x0000000000000000        0xc Proj1 THUMB Debug/main.o
 .group         0x0000000000000000        0xc Proj1 THUMB Debug/main.o
 .group         0x0000000000000000        0xc Proj1 THUMB Debug/main.o
 .group         0x0000000000000000        0xc Proj1 THUMB Debug/main.o
 .group         0x0000000000000000        0xc Proj1 THUMB Debug/main.o
 .group         0x0000000000000000        0xc Proj1 THUMB Debug/main.o
 .group         0x0000000000000000        0xc Proj1 THUMB Debug/main.o
 .group         0x0000000000000000        0xc Proj1 THUMB Debug/main.o
 .group         0x0000000000000000        0xc Proj1 THUMB Debug/main.o
 .group         0x0000000000000000        0xc Proj1 THUMB Debug/main.o
 .group         0x0000000000000000        0xc Proj1 THUMB Debug/main.o
 .group         0x0000000000000000        0xc Proj1 THUMB Debug/main.o
 .group         0x0000000000000000        0xc Proj1 THUMB Debug/main.o
 .group         0x0000000000000000        0xc Proj1 THUMB Debug/main.o
 .group         0x0000000000000000        0xc Proj1 THUMB Debug/main.o
 .group         0x0000000000000000        0xc Proj1 THUMB Debug/main.o
[...]
Memory Configuration

Name             Origin             Length             Attributes
UNPLACED_SECTIONS 0x0000000100000000 0x0000000000000000 xw
EEPROM           0x0000000008080000 0x0000000000001800 xr
FLASH            0x0000000008000000 0x0000000000030000 xr
SYSTEM           0x000000001ff00000 0x0000000000001000 xw
OPTION           0x000000001ff80000 0x0000000000000080 xw
RAM              0x0000000020000000 0x0000000000005000 xw
APB              0x0000000040000000 0x0000000000018000 xw
AHB              0x0000000040020000 0x0000000000006400 xw
PPB              0x00000000e0000000 0x0000000000100000 xw
IOPORT           0x0000000050000000 0x0000000000002000 xw
*default*        0x0000000000000000 0xffffffffffffffff

Linker script and memory map

                0x00000000080078b0                __vfprintf = __vfprintf_float_long_long
                0x0000000000000000                __vfscanf = __vfscanf_float_long_long_cc
                0x0000000008080000                __EEPROM_segment_start__ = 0x8080000
                0x0000000008081800                __EEPROM_segment_end__ = 0x8081800
                0x0000000000001800                __EEPROM_segment_size__ = 0x1800
                0x0000000008000000                __FLASH_segment_start__ = 0x8000000
                0x0000000008030000                __FLASH_segment_end__ = 0x8030000
                0x0000000000030000                __FLASH_segment_size__ = 0x30000
                0x000000001ff00000                __SYSTEM_segment_start__ = 0x1ff00000
                0x000000001ff01000                __SYSTEM_segment_end__ = 0x1ff01000
                0x0000000000001000                __SYSTEM_segment_size__ = 0x1000
                0x000000001ff80000                __OPTION_segment_start__ = 0x1ff80000
                0x000000001ff80080                __OPTION_segment_end__ = 0x1ff80080
                0x0000000000000080                __OPTION_segment_size__ = 0x80
                0x0000000020000000                __RAM_segment_start__ = 0x20000000
                0x0000000020005000                __RAM_segment_end__ = 0x20005000
                0x0000000000005000                __RAM_segment_size__ = 0x5000
                0x0000000040000000                __APB_segment_start__ = 0x40000000
                0x0000000040018000                __APB_segment_end__ = 0x40018000
                0x0000000000018000                __APB_segment_size__ = 0x18000
                0x0000000040020000                __AHB_segment_start__ = 0x40020000
                0x0000000040026400                __AHB_segment_end__ = 0x40026400
                0x0000000000006400                __AHB_segment_size__ = 0x6400
                0x00000000e0000000                __PPB_segment_start__ = 0xe0000000
                0x00000000e0100000                __PPB_segment_end__ = 0xe0100000
                0x0000000000100000                __PPB_segment_size__ = 0x100000
                0x0000000050000000                __IOPORT_segment_start__ = 0x50000000
                0x0000000050002000                __IOPORT_segment_end__ = 0x50002000
                0x0000000000002000                __IOPORT_segment_size__ = 0x2000
                0x0000000000000080                __HEAPSIZE__ = 0x80
                0x0000000000000000                __STACKSIZE_ABT__ = 0x0
                0x0000000000000000                __STACKSIZE_FIQ__ = 0x0
                0x0000000000000000                __STACKSIZE_IRQ__ = 0x0
                0x0000000000000000                __STACKSIZE_PROCESS__ = 0x0
                0x0000000000000000                __STACKSIZE_SVC__ = 0x0
                0x0000000000000000                __STACKSIZE_UND__ = 0x0
                0x0000000000000100                __STACKSIZE__ = 0x100
                0x0000000008080000                __eeprom_load_start__ = ALIGN (__EEPROM_segment_start__, 0x4)

.eeprom         0x0000000008080000        0x0
                0x0000000008080000                __eeprom_start__ = .
 *(.eeprom .eeprom.*)
                0x0000000008080000                __eeprom_end__ = (__eeprom_start__ + SIZEOF (.eeprom))
                0x0000000000000000                __eeprom_size__ = SIZEOF (.eeprom)
                0x0000000008080000                __eeprom_load_end__ = __eeprom_end__
                0x0000000008080000                __EEPROM_segment_used_end__ = (ALIGN (__EEPROM_segment_start__, 0x4) + SIZEOF (.eeprom))
                0x0000000000000000                __EEPROM_segment_used_size__ = (__EEPROM_segment_used_end__ - __EEPROM_segment_start__)
                0x0000000000000001                . = ASSERT (((__eeprom_start__ == __eeprom_end__) || ((__eeprom_end__ >= __EEPROM_segment_start__) && (__eeprom_end__ <= __EEPROM_segment_end__))), error: .eeprom is too large to fit in EEPROM memory segment)
                0x0000000020000000                __vectors_ram_load_start__ = ALIGN (__RAM_segment_start__, 0x100)

.vectors_ram    0x0000000020000000        0x0
                0x0000000020000000                __vectors_ram_start__ = .
 *(.vectors_ram .vectors_ram.*)
                0x0000000020000000                __vectors_ram_end__ = (__vectors_ram_start__ + SIZEOF (.vectors_ram))
                0x0000000000000000                __vectors_ram_size__ = SIZEOF (.vectors_ram)
                0x0000000020000000                __vectors_ram_load_end__ = __vectors_ram_end__
                0x0000000000000001                . = ASSERT (((__vectors_ram_start__ == __vectors_ram_end__) || ((__vectors_ram_end__ >= __RAM_segment_start__) && (__vectors_ram_end__ <= __RAM_segment_end__))), error: .vectors_ram is too large to fit in RAM memory segment)
                0x0000000008000000                __vectors_load_start__ = ALIGN (__FLASH_segment_start__, 0x100)

.vectors        0x0000000008000000       0xc0
                0x0000000008000000                __vectors_start__ = .
 *(.vectors .vectors.*)
 .vectors       0x0000000008000000       0xc0 Proj1 THUMB Debug/STM32_Startup.o
                0x0000000008000000                _vectors
                0x00000000080000c0                __vectors_end__ = (__vectors_start__ + SIZEOF (.vectors))
                0x00000000000000c0                __vectors_size__ = SIZEOF (.vectors)
                0x00000000080000c0                __vectors_load_end__ = __vectors_end__
                0x0000000000000001                . = ASSERT (((__vectors_start__ == __vectors_end__) || ((__vectors_end__ >= __FLASH_segment_start__) && (__vectors_end__ <= __FLASH_segment_end__))), error: .vectors is too large to fit in FLASH memory segment)
                0x00000000080000c0                __init_load_start__ = ALIGN (__vectors_end__, 0x4)

.init           0x00000000080000c0      0x1bc
                0x00000000080000c0                __init_start__ = .
 *(.init .init.*)
 .init          0x00000000080000c0      0x158 Proj1 THUMB Debug/thumb_crt0.o
                0x00000000080000c0                _start
                0x0000000008000172                exit
 .init          0x0000000008000218       0x64 Proj1 THUMB Debug/STM32_Startup.o
                0x0000000008000218                NMI_Handler
                0x000000000800021a                HardFault_Handler
                0x000000000800021c                MemManage_Handler
                0x000000000800021e                BusFault_Handler
                0x0000000008000220                UsageFault_Handler
                0x0000000008000224                DebugMon_Handler
                0x000000000800022a                WWDG_IRQHandler
                0x000000000800022c                PVD_IRQHandler
                0x000000000800022e                RTC_IRQHandler
                0x0000000008000230                FLASH_IRQHandler
                0x0000000008000232                RCC_CRS_IRQHandler
                0x0000000008000234                EXTI0_1_IRQHandler
                0x0000000008000236                EXTI2_3_IRQHandler
                0x000000000800023a                TSC_IRQHandler
                0x0000000008000240                DMA1_Channel4_5_6_7_IRQHandler
                0x0000000008000242                ADC1_COMP_IRQHandler
                0x0000000008000244                LPTIM1_IRQHandler
                0x0000000008000246                USART4_5_IRQHandler
                0x0000000008000248                TIM2_IRQHandler
                0x000000000800024a                TIM3_IRQHandler
                0x000000000800024c                TIM6_DAC_IRQHandler
                0x000000000800024e                TIM7_IRQHandler
                0x0000000008000250                TIM21_IRQHandler
                0x0000000008000252                I2C3_IRQHandler
                0x0000000008000254                TIM22_IRQHandler
                0x0000000008000258                I2C2_IRQHandler
                0x000000000800025a                SPI1_IRQHandler
                0x000000000800025c                SPI2_IRQHandler
                0x000000000800025e                USART1_IRQHandler
                0x0000000008000260                USART2_IRQHandler
                0x0000000008000262                RNG_LPUART1_IRQHandler
                0x0000000008000264                LCD_IRQHandler
                0x0000000008000266                USB_IRQHandler
                0x0000000008000268                reset_handler
                0x000000000800027c                __init_end__ = (__init_start__ + SIZEOF (.init))
                0x00000000000001bc                __init_size__ = SIZEOF (.init)
                0x000000000800027c                __init_load_end__ = __init_end__
                0x0000000000000001                . = ASSERT (((__init_start__ == __init_end__) || ((__init_end__ >= __FLASH_segment_start__) && (__init_end__ <= __FLASH_segment_end__))), error: .init is too large to fit in FLASH memory segment)
                0x000000000800027c                __init_rodata_load_start__ = ALIGN (__init_end__, 0x4)

.init_rodata    0x000000000800027c        0x0
                0x000000000800027c                __init_rodata_start__ = .
 *(.init_rodata .init_rodata.*)
                0x000000000800027c                __init_rodata_end__ = (__init_rodata_start__ + SIZEOF (.init_rodata))
                0x0000000000000000                __init_rodata_size__ = SIZEOF (.init_rodata)
                0x000000000800027c                __init_rodata_load_end__ = __init_rodata_end__
                0x0000000000000001                . = ASSERT (((__init_rodata_start__ == __init_rodata_end__) || ((__init_rodata_end__ >= __FLASH_segment_start__) && (__init_rodata_end__ <= __FLASH_segment_end__))), error: .init_rodata is too large to fit in FLASH memory segment)
                0x000000000800027c                __text_load_start__ = ALIGN (__init_rodata_end__, 0x4)

.text           0x000000000800027c     0x901e
                0x000000000800027c                __text_start__ = .
 *(.text .text.* .glue_7t .glue_7 .gnu.linkonce.t.* .gcc_except_table .ARM.extab* .gnu.linkonce.armextab.*)
 .glue_7        0x000000000800027c        0x0 linker stubs
 .glue_7t       0x000000000800027c        0x0 linker stubs
 .text.__aeabi_read_tp
                0x000000000800027c        0x8 Proj1 THUMB Debug/thumb_crt0.o
                0x000000000800027c                __aeabi_read_tp
 .text.main     0x0000000008000284       0xcc Proj1 THUMB Debug/main.o
                0x0000000008000284                main
 .text.SystemClock_Config
                0x0000000008000350      0x108 Proj1 THUMB Debug/main.o
                0x0000000008000350                SystemClock_Config
 .text.ledToggle
                0x0000000008000458       0x14 Proj1 THUMB Debug/main.o
                0x0000000008000458                ledToggle
 .text._Error_Handler
                0x000000000800046c        0x8 Proj1 THUMB Debug/main.o
                0x000000000800046c                _Error_Handler
 .text.MX_GPIO_Init
                0x0000000008000474      0x13c Proj1 THUMB Debug/gpio.o
                0x0000000008000474                MX_GPIO_Init
 .text.MX_ADC_Init
                0x00000000080005b0       0xd4 Proj1 THUMB Debug/adc.o
                0x00000000080005b0                MX_ADC_Init
 .text.HAL_ADC_MspInit
                0x0000000008000684       0xb4 Proj1 THUMB Debug/adc.o
                0x0000000008000684                HAL_ADC_MspInit
 .text.MX_DMA_Init
                0x0000000008000738       0x48 Proj1 THUMB Debug/dma.o
                0x0000000008000738                MX_DMA_Init
 .text.MX_I2C1_Init
                0x0000000008000780       0x9c Proj1 THUMB Debug/i2c.o
                0x0000000008000780                MX_I2C1_Init
 .text.MX_I2C3_Init
                0x000000000800081c       0x9c Proj1 THUMB Debug/i2c.o
                0x000000000800081c                MX_I2C3_Init
 .text.HAL_I2C_MspInit
                0x00000000080008b8      0x148 Proj1 THUMB Debug/i2c.o
                0x00000000080008b8                HAL_I2C_MspInit
 .text.MX_IWDG_Init
                0x0000000008000a00       0x44 Proj1 THUMB Debug/iwdg.o
                0x0000000008000a00                MX_IWDG_Init
 .text.MX_LPUART1_UART_Init
                0x0000000008000a44       0x70 Proj1 THUMB Debug/usart.o
                0x0000000008000a44                MX_LPUART1_UART_Init
 .text.HAL_UART_MspInit
                0x0000000008000ab4       0x5c Proj1 THUMB Debug/usart.o
                0x0000000008000ab4                HAL_UART_MspInit
 .text.MX_TIM6_Init
                0x0000000008000b10       0x74 Proj1 THUMB Debug/tim.o
                0x0000000008000b10                MX_TIM6_Init
 .text.HAL_TIM_Base_MspInit
                0x0000000008000b84       0x28 Proj1 THUMB Debug/tim.o
                0x0000000008000b84                HAL_TIM_Base_MspInit
 .text.SVC_Handler
                0x0000000008000bac        0x4 Proj1 THUMB Debug/stm32l0xx_it.o
                0x0000000008000bac                SVC_Handler
 .text.PendSV_Handler
                0x0000000008000bb0        0x4 Proj1 THUMB Debug/stm32l0xx_it.o
                0x0000000008000bb0                PendSV_Handler
 .text.SysTick_Handler
                0x0000000008000bb4        0xe Proj1 THUMB Debug/stm32l0xx_it.o
                0x0000000008000bb4                SysTick_Handler
 .text.EXTI4_15_IRQHandler
                0x0000000008000bc2       0x10 Proj1 THUMB Debug/stm32l0xx_it.o
                0x0000000008000bc2                EXTI4_15_IRQHandler
 *fill*         0x0000000008000bd2        0x2 
 .text.DMA1_Channel1_IRQHandler
                0x0000000008000bd4       0x14 Proj1 THUMB Debug/stm32l0xx_it.o
                0x0000000008000bd4                DMA1_Channel1_IRQHandler
 .text.DMA1_Channel2_3_IRQHandler
                0x0000000008000be8       0x14 Proj1 THUMB Debug/stm32l0xx_it.o
                0x0000000008000be8                DMA1_Channel2_3_IRQHandler
 .text.I2C1_IRQHandler
                0x0000000008000bfc       0x2c Proj1 THUMB Debug/stm32l0xx_it.o
                0x0000000008000bfc                I2C1_IRQHandler
 .text.HAL_MspInit
                0x0000000008000c28       0x50 Proj1 THUMB Debug/stm32l0xx_hal_msp.o
                0x0000000008000c28                HAL_MspInit
 .text.debounce
                0x0000000008000c78       0x2a Proj1 THUMB Debug/clicker.o
 .text.click    0x0000000008000ca2       0x3e Proj1 THUMB Debug/clicker.o
 .text.resetClicker
                0x0000000008000ce0       0x16 Proj1 THUMB Debug/clicker.o
 .text.clicker_make
                0x0000000008000cf6       0x64 Proj1 THUMB Debug/clicker.o
                0x0000000008000cf6                clicker_make
 .text.clicker_check
                0x0000000008000d5a       0x3a Proj1 THUMB Debug/clicker.o
                0x0000000008000d5a                clicker_check
 .text.ds3221_GetDayName
                0x0000000008000d94       0x20 Proj1 THUMB Debug/ds3231.o
                0x0000000008000d94                ds3221_GetDayName
 .text.ds3231_InitializeTime
                0x0000000008000db4       0x1c Proj1 THUMB Debug/ds3231.o
                0x0000000008000db4                ds3231_InitializeTime
 .text.ds3231_InitializeDate
                0x0000000008000dd0       0x22 Proj1 THUMB Debug/ds3231.o
                0x0000000008000dd0                ds3231_InitializeDate
 *fill*         0x0000000008000df2        0x2 
 .text.ds3231_PrintTime
                0x0000000008000df4       0x30 Proj1 THUMB Debug/ds3231.o
                0x0000000008000df4                ds3231_PrintTime
 .text.ds3231_PrintDate
                0x0000000008000e24       0x48 Proj1 THUMB Debug/ds3231.o
                0x0000000008000e24                ds3231_PrintDate
 .text.ds3231_GetTime
                0x0000000008000e6c       0x66 Proj1 THUMB Debug/ds3231.o
                0x0000000008000e6c                ds3231_GetTime
 .text.ds3231_GetDate
                0x0000000008000ed2       0x7c Proj1 THUMB Debug/ds3231.o
                0x0000000008000ed2                ds3231_GetDate
 .text.ds3231_IncrementTimeElement
                0x0000000008000f4e       0x54 Proj1 THUMB Debug/ds3231.o
                0x0000000008000f4e                ds3231_IncrementTimeElement
 .text.ds3231_IncrementDateElement
                0x0000000008000fa2       0x4c Proj1 THUMB Debug/ds3231.o
                0x0000000008000fa2                ds3231_IncrementDateElement
 *fill*         0x0000000008000fee        0x2 
 .text.ds3231_Write
                0x0000000008000ff0       0x50 Proj1 THUMB Debug/ds3231.o
                0x0000000008000ff0                ds3231_Write
 .text.ds3231_Read
                0x0000000008001040       0x3c Proj1 THUMB Debug/ds3231.o
                0x0000000008001040                ds3231_Read
 .text.bcd2dec  0x000000000800107c       0x34 Proj1 THUMB Debug/ds3231.o
                0x000000000800107c                bcd2dec
 .text.dec2bcd  0x00000000080010b0       0x42 Proj1 THUMB Debug/ds3231.o
                0x00000000080010b0                dec2bcd
 *fill*         0x00000000080010f2        0x2 
 .text.Menu_getMenuItemsNo
                0x00000000080010f4       0x3c Proj1 THUMB Debug/graphic_menu.o
 .text.Menu_getMenuItem
                0x0000000008001130       0x44 Proj1 THUMB Debug/graphic_menu.o
 .text.Menu_getMenuRows
                0x0000000008001174        0x6 Proj1 THUMB Debug/graphic_menu.o
 *fill*         0x000000000800117a        0x2 
 .text.Menu_show
                0x000000000800117c       0xf4 Proj1 THUMB Debug/graphic_menu.o
                0x000000000800117c                Menu_show
 .text.Menu_selectNext
                0x0000000008001270       0x80 Proj1 THUMB Debug/graphic_menu.o
                0x0000000008001270                Menu_selectNext
 .text.Menu_selectPrev
                0x00000000080012f0       0x50 Proj1 THUMB Debug/graphic_menu.o
                0x00000000080012f0                Menu_selectPrev
 .text.Menu_back
                0x0000000008001340       0x28 Proj1 THUMB Debug/graphic_menu.o
                0x0000000008001340                Menu_back
 .text.Menu_click
                0x0000000008001368       0x5c Proj1 THUMB Debug/graphic_menu.o
                0x0000000008001368                Menu_click
 .text.display_clear
                0x00000000080013c4       0x12 Proj1 THUMB Debug/graphicDisplay.o
                0x00000000080013c4                display_clear
 *fill*         0x00000000080013d6        0x2 
 .text.display_setCursor
                0x00000000080013d8       0x50 Proj1 THUMB Debug/graphicDisplay.o
                0x00000000080013d8                display_setCursor
 .text.display_setFont
                0x0000000008001428       0x14 Proj1 THUMB Debug/graphicDisplay.o
                0x0000000008001428                display_setFont
 .text.display_writeText
                0x000000000800143c       0xc0 Proj1 THUMB Debug/graphicDisplay.o
                0x000000000800143c                display_writeText
 .text.display_drawChar
                0x00000000080014fc      0x1ec Proj1 THUMB Debug/graphicDisplay.o
                0x00000000080014fc                display_drawChar
 .text.display_drawHLine
                0x00000000080016e8       0x66 Proj1 THUMB Debug/graphicDisplay.o
                0x00000000080016e8                display_drawHLine
 .text.memory_GetAddress
                0x000000000800174e       0x9a Proj1 THUMB Debug/memoryI2C.o
                0x000000000800174e                memory_GetAddress
 .text.memory_WriteByte
                0x00000000080017e8       0x50 Proj1 THUMB Debug/memoryI2C.o
                0x00000000080017e8                memory_WriteByte
 .text.memory_ReadByte
                0x0000000008001838       0x3c Proj1 THUMB Debug/memoryI2C.o
                0x0000000008001838                memory_ReadByte
 .text.Menu_updateNames
                0x0000000008001874       0x12 Proj1 THUMB Debug/menudef.o
                0x0000000008001874                Menu_updateNames
 *fill*         0x0000000008001886        0x2 
 .text.menufuncYear
                0x0000000008001888       0x14 Proj1 THUMB Debug/menudef.o
                0x0000000008001888                menufuncYear
 .text.menufuncMonth
                0x000000000800189c       0x14 Proj1 THUMB Debug/menudef.o
                0x000000000800189c                menufuncMonth
 .text.menufuncDay
                0x00000000080018b0       0x14 Proj1 THUMB Debug/menudef.o
                0x00000000080018b0                menufuncDay
 .text.menufuncWeekDay
                0x00000000080018c4       0x14 Proj1 THUMB Debug/menudef.o
                0x00000000080018c4                menufuncWeekDay
 .text.menufuncHour
                0x00000000080018d8       0x14 Proj1 THUMB Debug/menudef.o
                0x00000000080018d8                menufuncHour
 .text.menufuncMinute
                0x00000000080018ec       0x14 Proj1 THUMB Debug/menudef.o
                0x00000000080018ec                menufuncMinute
 .text.menufuncTemp
                0x0000000008001900        0xe Proj1 THUMB Debug/menudef.o
                0x0000000008001900                menufuncTemp
 .text.menufuncDayTemp
                0x000000000800190e        0xe Proj1 THUMB Debug/menudef.o
                0x000000000800190e                menufuncDayTemp
 .text.menufuncNightTemp
                0x000000000800191c        0xe Proj1 THUMB Debug/menudef.o
                0x000000000800191c                menufuncNightTemp
 .text.menufuncTempDayNight
                0x000000000800192a        0xe Proj1 THUMB Debug/menudef.o
                0x000000000800192a                menufuncTempDayNight
 .text.menufuncTempDay
                0x0000000008001938        0xe Proj1 THUMB Debug/menudef.o
                0x0000000008001938                menufuncTempDay
 .text.menufuncTempHour
                0x0000000008001946        0xe Proj1 THUMB Debug/menudef.o
                0x0000000008001946                menufuncTempHour
 .text.menuUpdateTime
                0x0000000008001954       0x48 Proj1 THUMB Debug/menudef.o
                0x0000000008001954                menuUpdateTime
 .text.menuUpdateDate
                0x000000000800199c       0x74 Proj1 THUMB Debug/menudef.o
                0x000000000800199c                menuUpdateDate
 .text.menuUpdateTemp
                0x0000000008001a10       0x5c Proj1 THUMB Debug/menudef.o
                0x0000000008001a10                menuUpdateTemp
 .text.menuUpdateTempMenu
                0x0000000008001a6c       0x84 Proj1 THUMB Debug/menudef.o
                0x0000000008001a6c                menuUpdateTempMenu
 .text.appendNumber
                0x0000000008001af0       0x48 Proj1 THUMB Debug/menudef.o
                0x0000000008001af0                appendNumber
 .text.appendText
                0x0000000008001b38       0x28 Proj1 THUMB Debug/menudef.o
                0x0000000008001b38                appendText
 .text.Menu_init
                0x0000000008001b60       0x20 Proj1 THUMB Debug/menudef.o
                0x0000000008001b60                Menu_init
 .text.ssd1306_clear
                0x0000000008001b80       0x18 Proj1 THUMB Debug/ssd1306.o
                0x0000000008001b80                ssd1306_clear
 .text.ssd1306_drawPixel
                0x0000000008001b98       0xe4 Proj1 THUMB Debug/ssd1306.o
                0x0000000008001b98                ssd1306_drawPixel
 .text.ssd1306_display
                0x0000000008001c7c       0x48 Proj1 THUMB Debug/ssd1306.o
                0x0000000008001c7c                ssd1306_display
 .text.ssd1306_writeCommand
                0x0000000008001cc4       0x40 Proj1 THUMB Debug/ssd1306.o
                0x0000000008001cc4                ssd1306_writeCommand
 .text.ssd1306_init
                0x0000000008001d04       0xb4 Proj1 THUMB Debug/ssd1306.o
                0x0000000008001d04                ssd1306_init
 .text.HAL_SYSTICK_Callback
                0x0000000008001db8       0x14 Proj1 THUMB Debug/stateMachine.o
                0x0000000008001db8                HAL_SYSTICK_Callback
 .text.event_reset
                0x0000000008001dcc       0x18 Proj1 THUMB Debug/stateMachine.o
                0x0000000008001dcc                event_reset
 .text.task_check
                0x0000000008001de4       0x38 Proj1 THUMB Debug/stateMachine.o
                0x0000000008001de4                task_check
 .text.event_State
                0x0000000008001e1c       0x38 Proj1 THUMB Debug/stateMachine.o
                0x0000000008001e1c                event_State
 .text.task_make
                0x0000000008001e54       0x30 Proj1 THUMB Debug/stateMachine.o
                0x0000000008001e54                task_make
 .text.event_make
                0x0000000008001e84       0x28 Proj1 THUMB Debug/stateMachine.o
                0x0000000008001e84                event_make
 .text.temp_GetMeasuredTemp
                0x0000000008001eac       0x28 Proj1 THUMB Debug/thermostat.o
                0x0000000008001eac                temp_GetMeasuredTemp
 .text.temp_GetDayTemp
                0x0000000008001ed4       0x34 Proj1 THUMB Debug/thermostat.o
                0x0000000008001ed4                temp_GetDayTemp
 .text.temp_GetNightTemp
                0x0000000008001f08       0x34 Proj1 THUMB Debug/thermostat.o
                0x0000000008001f08                temp_GetNightTemp
 .text.temp_GetSelectedDayNight
                0x0000000008001f3c       0x3c Proj1 THUMB Debug/thermostat.o
                0x0000000008001f3c                temp_GetSelectedDayNight
 .text.temp_GetSetDayNight
                0x0000000008001f78       0x40 Proj1 THUMB Debug/thermostat.o
                0x0000000008001f78                temp_GetSetDayNight
 .text.temp_GetSetTemp
                0x0000000008001fb8       0x40 Proj1 THUMB Debug/thermostat.o
                0x0000000008001fb8                temp_GetSetTemp
 .text.temp_ToggleDayNight
                0x0000000008001ff8       0x60 Proj1 THUMB Debug/thermostat.o
                0x0000000008001ff8                temp_ToggleDayNight
 .text.temp_IncrementHourIndex
                0x0000000008002058       0x2c Proj1 THUMB Debug/thermostat.o
                0x0000000008002058                temp_IncrementHourIndex
 .text.temp_IncrementDayIndex
                0x0000000008002084       0x24 Proj1 THUMB Debug/thermostat.o
                0x0000000008002084                temp_IncrementDayIndex
 .text.temp_IncrementDayTemp
                0x00000000080020a8       0x60 Proj1 THUMB Debug/thermostat.o
                0x00000000080020a8                temp_IncrementDayTemp
 .text.temp_IncrementNightTemp
                0x0000000008002108       0x60 Proj1 THUMB Debug/thermostat.o
                0x0000000008002108                temp_IncrementNightTemp
 .text.temp_setThermostatState
                0x0000000008002168       0x54 Proj1 THUMB Debug/thermostat.o
                0x0000000008002168                temp_setThermostatState
 .text.temp_PrintTemp
                0x00000000080021bc       0x84 Proj1 THUMB Debug/thermostat.o
                0x00000000080021bc                temp_PrintTemp
 .text.temp_ResetIndexes
                0x0000000008002240       0x20 Proj1 THUMB Debug/thermostat.o
                0x0000000008002240                temp_ResetIndexes
 .text.temp_init
                0x0000000008002260       0x34 Proj1 THUMB Debug/thermostat.o
                0x0000000008002260                temp_init
 .text.HAL_ADC_Init
                0x0000000008002294      0x2d8 Proj1 THUMB Debug/stm32l0xx_hal_adc.o
                0x0000000008002294                HAL_ADC_Init
 .text.HAL_ADC_Start_DMA
                0x000000000800256c      0x100 Proj1 THUMB Debug/stm32l0xx_hal_adc.o
                0x000000000800256c                HAL_ADC_Start_DMA
 .text.HAL_ADC_ConvCpltCallback
                0x000000000800266c        0xa Proj1 THUMB Debug/stm32l0xx_hal_adc.o
                0x000000000800266c                HAL_ADC_ConvCpltCallback
 .text.HAL_ADC_ConvHalfCpltCallback
                0x0000000008002676        0xa Proj1 THUMB Debug/stm32l0xx_hal_adc.o
                0x0000000008002676                HAL_ADC_ConvHalfCpltCallback
 .text.HAL_ADC_ErrorCallback
                0x0000000008002680        0xa Proj1 THUMB Debug/stm32l0xx_hal_adc.o
                0x0000000008002680                HAL_ADC_ErrorCallback
 *fill*         0x000000000800268a        0x2 
 .text.HAL_ADC_ConfigChannel
                0x000000000800268c      0x13c Proj1 THUMB Debug/stm32l0xx_hal_adc.o
                0x000000000800268c                HAL_ADC_ConfigChannel
 .text.ADC_Enable
                0x00000000080027c8       0xbc Proj1 THUMB Debug/stm32l0xx_hal_adc.o
 .text.ADC_DMAConvCplt
                0x0000000008002884       0xb0 Proj1 THUMB Debug/stm32l0xx_hal_adc.o
 .text.ADC_DMAHalfConvCplt
                0x0000000008002934       0x1a Proj1 THUMB Debug/stm32l0xx_hal_adc.o
 .text.ADC_DMAError
                0x000000000800294e       0x32 Proj1 THUMB Debug/stm32l0xx_hal_adc.o
 .text.ADC_DelayMicroSecond
                0x0000000008002980       0x38 Proj1 THUMB Debug/stm32l0xx_hal_adc.o
 .text.HAL_ADCEx_Calibration_Start
                0x00000000080029b8      0x120 Proj1 THUMB Debug/stm32l0xx_hal_adc_ex.o
                0x00000000080029b8                HAL_ADCEx_Calibration_Start
 .text.HAL_I2C_Init
                0x0000000008002ad8      0x128 Proj1 THUMB Debug/stm32l0xx_hal_i2c.o
                0x0000000008002ad8                HAL_I2C_Init
 .text.HAL_I2C_Mem_Write
                0x0000000008002c00      0x278 Proj1 THUMB Debug/stm32l0xx_hal_i2c.o
                0x0000000008002c00                HAL_I2C_Mem_Write
 .text.HAL_I2C_Mem_Read
                0x0000000008002e78      0x278 Proj1 THUMB Debug/stm32l0xx_hal_i2c.o
                0x0000000008002e78                HAL_I2C_Mem_Read
 .text.HAL_I2C_Mem_Write_DMA
                0x00000000080030f0      0x1c0 Proj1 THUMB Debug/stm32l0xx_hal_i2c.o
                0x00000000080030f0                HAL_I2C_Mem_Write_DMA
 .text.HAL_I2C_IsDeviceReady
                0x00000000080032b0      0x1cc Proj1 THUMB Debug/stm32l0xx_hal_i2c.o
                0x00000000080032b0                HAL_I2C_IsDeviceReady
 .text.HAL_I2C_EV_IRQHandler
                0x000000000800347c       0x30 Proj1 THUMB Debug/stm32l0xx_hal_i2c.o
                0x000000000800347c                HAL_I2C_EV_IRQHandler
 .text.HAL_I2C_ER_IRQHandler
                0x00000000080034ac       0xac Proj1 THUMB Debug/stm32l0xx_hal_i2c.o
                0x00000000080034ac                HAL_I2C_ER_IRQHandler
 .text.HAL_I2C_MasterTxCpltCallback
                0x0000000008003558        0xa Proj1 THUMB Debug/stm32l0xx_hal_i2c.o
                0x0000000008003558                HAL_I2C_MasterTxCpltCallback
 .text.HAL_I2C_MasterRxCpltCallback
                0x0000000008003562        0xa Proj1 THUMB Debug/stm32l0xx_hal_i2c.o
                0x0000000008003562                HAL_I2C_MasterRxCpltCallback
 .text.HAL_I2C_SlaveTxCpltCallback
                0x000000000800356c        0xa Proj1 THUMB Debug/stm32l0xx_hal_i2c.o
                0x000000000800356c                HAL_I2C_SlaveTxCpltCallback
 .text.HAL_I2C_SlaveRxCpltCallback
                0x0000000008003576        0xa Proj1 THUMB Debug/stm32l0xx_hal_i2c.o
                0x0000000008003576                HAL_I2C_SlaveRxCpltCallback
 .text.HAL_I2C_AddrCallback
                0x0000000008003580       0x1c Proj1 THUMB Debug/stm32l0xx_hal_i2c.o
                0x0000000008003580                HAL_I2C_AddrCallback
 .text.HAL_I2C_ListenCpltCallback
                0x000000000800359c        0xa Proj1 THUMB Debug/stm32l0xx_hal_i2c.o
                0x000000000800359c                HAL_I2C_ListenCpltCallback
 .text.HAL_I2C_MemTxCpltCallback
                0x00000000080035a6        0xa Proj1 THUMB Debug/stm32l0xx_hal_i2c.o
                0x00000000080035a6                HAL_I2C_MemTxCpltCallback
 .text.HAL_I2C_MemRxCpltCallback
                0x00000000080035b0        0xa Proj1 THUMB Debug/stm32l0xx_hal_i2c.o
                0x00000000080035b0                HAL_I2C_MemRxCpltCallback
 .text.HAL_I2C_ErrorCallback
                0x00000000080035ba        0xa Proj1 THUMB Debug/stm32l0xx_hal_i2c.o
                0x00000000080035ba                HAL_I2C_ErrorCallback
 .text.HAL_I2C_AbortCpltCallback
                0x00000000080035c4        0xa Proj1 THUMB Debug/stm32l0xx_hal_i2c.o
                0x00000000080035c4                HAL_I2C_AbortCpltCallback
 *fill*         0x00000000080035ce        0x2 
 .text.I2C_Slave_ISR_IT
                0x00000000080035d0      0x1dc Proj1 THUMB Debug/stm32l0xx_hal_i2c.o
 .text.I2C_Master_ISR_DMA
                0x00000000080037ac      0x160 Proj1 THUMB Debug/stm32l0xx_hal_i2c.o
 .text.I2C_Slave_ISR_DMA
                0x000000000800390c       0xc4 Proj1 THUMB Debug/stm32l0xx_hal_i2c.o
 .text.I2C_RequestMemoryWrite
                0x00000000080039d0       0xdc Proj1 THUMB Debug/stm32l0xx_hal_i2c.o
 .text.I2C_RequestMemoryRead
                0x0000000008003aac       0xd8 Proj1 THUMB Debug/stm32l0xx_hal_i2c.o
 .text.I2C_ITAddrCplt
                0x0000000008003b84      0x152 Proj1 THUMB Debug/stm32l0xx_hal_i2c.o
 .text.I2C_ITSlaveSequentialCplt
                0x0000000008003cd6       0x7e Proj1 THUMB Debug/stm32l0xx_hal_i2c.o
 .text.I2C_ITMasterCplt
                0x0000000008003d54      0x138 Proj1 THUMB Debug/stm32l0xx_hal_i2c.o
 .text.I2C_ITSlaveCplt
                0x0000000008003e8c      0x1b4 Proj1 THUMB Debug/stm32l0xx_hal_i2c.o
 .text.I2C_ITListenCplt
                0x0000000008004040       0xa0 Proj1 THUMB Debug/stm32l0xx_hal_i2c.o
 .text.I2C_ITError
                0x00000000080040e0      0x18c Proj1 THUMB Debug/stm32l0xx_hal_i2c.o
 .text.I2C_Flush_TXDR
                0x000000000800426c       0x3e Proj1 THUMB Debug/stm32l0xx_hal_i2c.o
 *fill*         0x00000000080042aa        0x2 
 .text.I2C_DMAMasterTransmitCplt
                0x00000000080042ac       0x8c Proj1 THUMB Debug/stm32l0xx_hal_i2c.o
 .text.I2C_DMAError
                0x0000000008004338       0x2e Proj1 THUMB Debug/stm32l0xx_hal_i2c.o
 .text.I2C_DMAAbort
                0x0000000008004366       0x5a Proj1 THUMB Debug/stm32l0xx_hal_i2c.o
 .text.I2C_WaitOnFlagUntilTimeout
                0x00000000080043c0       0x72 Proj1 THUMB Debug/stm32l0xx_hal_i2c.o
 .text.I2C_WaitOnTXISFlagUntilTimeout
                0x0000000008004432       0x7a Proj1 THUMB Debug/stm32l0xx_hal_i2c.o
 .text.I2C_WaitOnSTOPFlagUntilTimeout
                0x00000000080044ac       0x74 Proj1 THUMB Debug/stm32l0xx_hal_i2c.o
 .text.I2C_IsAcknowledgeFailed
                0x0000000008004520       0xb8 Proj1 THUMB Debug/stm32l0xx_hal_i2c.o
 .text.I2C_TransferConfig
                0x00000000080045d8       0x68 Proj1 THUMB Debug/stm32l0xx_hal_i2c.o
 .text.I2C_Enable_IRQ
                0x0000000008004640       0xf0 Proj1 THUMB Debug/stm32l0xx_hal_i2c.o
 .text.I2C_Disable_IRQ
                0x0000000008004730       0xdc Proj1 THUMB Debug/stm32l0xx_hal_i2c.o
 .text.HAL_I2CEx_ConfigAnalogFilter
                0x000000000800480c       0x90 Proj1 THUMB Debug/stm32l0xx_hal_i2c_ex.o
                0x000000000800480c                HAL_I2CEx_ConfigAnalogFilter
 .text.HAL_I2CEx_ConfigDigitalFilter
                0x000000000800489c       0x98 Proj1 THUMB Debug/stm32l0xx_hal_i2c_ex.o
                0x000000000800489c                HAL_I2CEx_ConfigDigitalFilter
 .text.HAL_I2CEx_EnableFastModePlus
                0x0000000008004934       0x2c Proj1 THUMB Debug/stm32l0xx_hal_i2c_ex.o
                0x0000000008004934                HAL_I2CEx_EnableFastModePlus
 .text.HAL_IWDG_Init
                0x0000000008004960       0x90 Proj1 THUMB Debug/stm32l0xx_hal_iwdg.o
                0x0000000008004960                HAL_IWDG_Init
 .text.HAL_UART_Init
                0x00000000080049f0       0xac Proj1 THUMB Debug/stm32l0xx_hal_uart.o
                0x00000000080049f0                HAL_UART_Init
 .text.UART_SetConfig
                0x0000000008004a9c      0x5f0 Proj1 THUMB Debug/stm32l0xx_hal_uart.o
                0x0000000008004a9c                UART_SetConfig
 .text.UART_AdvFeatureConfig
                0x000000000800508c      0x164 Proj1 THUMB Debug/stm32l0xx_hal_uart.o
                0x000000000800508c                UART_AdvFeatureConfig
 .text.UART_CheckIdleState
                0x00000000080051f0       0x90 Proj1 THUMB Debug/stm32l0xx_hal_uart.o
                0x00000000080051f0                UART_CheckIdleState
 .text.UART_WaitOnFlagUntilTimeout
                0x0000000008005280       0x98 Proj1 THUMB Debug/stm32l0xx_hal_uart.o
                0x0000000008005280                UART_WaitOnFlagUntilTimeout
 .text.HAL_TIM_Base_Init
                0x0000000008005318       0x54 Proj1 THUMB Debug/stm32l0xx_hal_tim.o
                0x0000000008005318                HAL_TIM_Base_Init
 .text.HAL_TIM_Base_Start
                0x000000000800536c       0x2c Proj1 THUMB Debug/stm32l0xx_hal_tim.o
                0x000000000800536c                HAL_TIM_Base_Start
 .text.TIM_Base_SetConfig
                0x0000000008005398       0xc0 Proj1 THUMB Debug/stm32l0xx_hal_tim.o
 .text.HAL_TIMEx_MasterConfigSynchronization
                0x0000000008005458       0x80 Proj1 THUMB Debug/stm32l0xx_hal_tim_ex.o
                0x0000000008005458                HAL_TIMEx_MasterConfigSynchronization
 .text.HAL_Init
                0x00000000080054d8       0x24 Proj1 THUMB Debug/stm32l0xx_hal.o
                0x00000000080054d8                HAL_Init
 .text.HAL_InitTick
                0x00000000080054fc       0x38 Proj1 THUMB Debug/stm32l0xx_hal.o
                0x00000000080054fc                HAL_InitTick
 .text.HAL_IncTick
                0x0000000008005534       0x14 Proj1 THUMB Debug/stm32l0xx_hal.o
                0x0000000008005534                HAL_IncTick
 .text.HAL_GetTick
                0x0000000008005548        0xc Proj1 THUMB Debug/stm32l0xx_hal.o
                0x0000000008005548                HAL_GetTick
 .text.HAL_RCC_OscConfig
                0x0000000008005554      0x750 Proj1 THUMB Debug/stm32l0xx_hal_rcc.o
                0x0000000008005554                HAL_RCC_OscConfig
 .text.HAL_RCC_ClockConfig
                0x0000000008005ca4      0x234 Proj1 THUMB Debug/stm32l0xx_hal_rcc.o
                0x0000000008005ca4                HAL_RCC_ClockConfig
 .text.HAL_RCC_GetSysClockFreq
                0x0000000008005ed8      0x11c Proj1 THUMB Debug/stm32l0xx_hal_rcc.o
                0x0000000008005ed8                HAL_RCC_GetSysClockFreq
 .text.HAL_RCC_GetHCLKFreq
                0x0000000008005ff4        0xc Proj1 THUMB Debug/stm32l0xx_hal_rcc.o
                0x0000000008005ff4                HAL_RCC_GetHCLKFreq
 .text.HAL_RCC_GetPCLK1Freq
                0x0000000008006000       0x28 Proj1 THUMB Debug/stm32l0xx_hal_rcc.o
                0x0000000008006000                HAL_RCC_GetPCLK1Freq
 .text.HAL_RCC_GetPCLK2Freq
                0x0000000008006028       0x28 Proj1 THUMB Debug/stm32l0xx_hal_rcc.o
                0x0000000008006028                HAL_RCC_GetPCLK2Freq
 .text.RCC_SetFlashLatencyFromMSIRange
                0x0000000008006050       0xac Proj1 THUMB Debug/stm32l0xx_hal_rcc.o
 .text.HAL_RCCEx_PeriphCLKConfig
                0x00000000080060fc      0x2e4 Proj1 THUMB Debug/stm32l0xx_hal_rcc_ex.o
                0x00000000080060fc                HAL_RCCEx_PeriphCLKConfig
 .text.HAL_RCCEx_GetPeriphCLKFreq
                0x00000000080063e0      0x3e8 Proj1 THUMB Debug/stm32l0xx_hal_rcc_ex.o
                0x00000000080063e0                HAL_RCCEx_GetPeriphCLKFreq
 .text.HAL_GPIO_Init
                0x00000000080067c8      0x2f8 Proj1 THUMB Debug/stm32l0xx_hal_gpio.o
                0x00000000080067c8                HAL_GPIO_Init
 .text.HAL_GPIO_ReadPin
                0x0000000008006ac0       0x38 Proj1 THUMB Debug/stm32l0xx_hal_gpio.o
                0x0000000008006ac0                HAL_GPIO_ReadPin
 .text.HAL_GPIO_WritePin
                0x0000000008006af8       0x3e Proj1 THUMB Debug/stm32l0xx_hal_gpio.o
                0x0000000008006af8                HAL_GPIO_WritePin
 *fill*         0x0000000008006b36        0x2 
 .text.HAL_GPIO_EXTI_IRQHandler
                0x0000000008006b38       0x3c Proj1 THUMB Debug/stm32l0xx_hal_gpio.o
                0x0000000008006b38                HAL_GPIO_EXTI_IRQHandler
 .text.HAL_GPIO_EXTI_Callback
                0x0000000008006b74       0x10 Proj1 THUMB Debug/stm32l0xx_hal_gpio.o
                0x0000000008006b74                HAL_GPIO_EXTI_Callback
 .text.HAL_DMA_Init
                0x0000000008006b84      0x1d0 Proj1 THUMB Debug/stm32l0xx_hal_dma.o
                0x0000000008006b84                HAL_DMA_Init
 .text.HAL_DMA_Start_IT
                0x0000000008006d54       0x8e Proj1 THUMB Debug/stm32l0xx_hal_dma.o
                0x0000000008006d54                HAL_DMA_Start_IT
 *fill*         0x0000000008006de2        0x2 
 .text.HAL_DMA_Abort_IT
                0x0000000008006de4       0xf8 Proj1 THUMB Debug/stm32l0xx_hal_dma.o
                0x0000000008006de4                HAL_DMA_Abort_IT
 .text.HAL_DMA_IRQHandler
                0x0000000008006edc      0x388 Proj1 THUMB Debug/stm32l0xx_hal_dma.o
                0x0000000008006edc                HAL_DMA_IRQHandler
 .text.DMA_SetConfig
                0x0000000008007264       0x42 Proj1 THUMB Debug/stm32l0xx_hal_dma.o
 *fill*         0x00000000080072a6        0x2 
 .text.NVIC_EnableIRQ
                0x00000000080072a8       0x2c Proj1 THUMB Debug/stm32l0xx_hal_cortex.o
 .text.NVIC_SetPriority
                0x00000000080072d4       0xec Proj1 THUMB Debug/stm32l0xx_hal_cortex.o
 .text.SysTick_Config
                0x00000000080073c0       0x44 Proj1 THUMB Debug/stm32l0xx_hal_cortex.o
 .text.HAL_NVIC_SetPriority
                0x0000000008007404       0x28 Proj1 THUMB Debug/stm32l0xx_hal_cortex.o
                0x0000000008007404                HAL_NVIC_SetPriority
 .text.HAL_NVIC_EnableIRQ
                0x000000000800742c       0x20 Proj1 THUMB Debug/stm32l0xx_hal_cortex.o
                0x000000000800742c                HAL_NVIC_EnableIRQ
 .text.HAL_SYSTICK_Config
                0x000000000800744c       0x16 Proj1 THUMB Debug/stm32l0xx_hal_cortex.o
                0x000000000800744c                HAL_SYSTICK_Config
 *fill*         0x0000000008007462        0x2 
 .text.HAL_SYSTICK_CLKSourceConfig
                0x0000000008007464       0x30 Proj1 THUMB Debug/stm32l0xx_hal_cortex.o
                0x0000000008007464                HAL_SYSTICK_CLKSourceConfig
 .text.HAL_SYSTICK_IRQHandler
                0x0000000008007494        0xa Proj1 THUMB Debug/stm32l0xx_hal_cortex.o
                0x0000000008007494                HAL_SYSTICK_IRQHandler
 *fill*         0x000000000800749e        0x2 
 .text.SystemInit
                0x00000000080074a0       0x74 Proj1 THUMB Debug/system_stm32l0xx.o
                0x00000000080074a0                SystemInit
 .text.libc.__int64_udivmod
                0x0000000008007514       0xac /Applications/CrossWorks for ARM 4.3/lib/libc_v6m_t_le_eabi.a(libc_asm.o)
                0x000000000800754a                __int64_udivmod
                0x000000000800754a                __aeabi_uldivmod
                0x000000000800754a                __int64_udiv
                0x000000000800754a                __udivdi3
 .text.libc.__int32_div
                0x00000000080075c0       0x3c /Applications/CrossWorks for ARM 4.3/lib/libc_v6m_t_le_eabi.a(libc_asm.o)
                0x00000000080075c0                __aeabi_idiv
                0x00000000080075c0                __int32_div
                0x00000000080075c0                __divsi3
 .text.libc.__uint32_div
                0x00000000080075fc       0x28 /Applications/CrossWorks for ARM 4.3/lib/libc_v6m_t_le_eabi.a(libc_asm.o)
                0x00000000080075fc                __udivsi3
                0x00000000080075fc                __uint32_div
                0x00000000080075fc                __aeabi_uidiv
 .text.libc.__aeabi_uidivmod
                0x0000000008007624       0x2a /Applications/CrossWorks for ARM 4.3/lib/libc_v6m_t_le_eabi.a(libc_asm.o)
                0x0000000008007624                __int32_udivmod
                0x0000000008007624                __aeabi_uidivmod
 .text.libc.__aeabi_idivmod
                0x000000000800764e       0x40 /Applications/CrossWorks for ARM 4.3/lib/libc_v6m_t_le_eabi.a(libc_asm.o)
                0x000000000800764e                __aeabi_idivmod
 *fill*         0x000000000800768e        0x2 
 .text.libc.__RAL_pow10
                0x0000000008007690       0x5c /Applications/CrossWorks for ARM 4.3/lib/libc_v6m_t_le_eabi.a(libc2.o)
                0x0000000008007690                __RAL_pow10
 .text.libc.__putc
                0x00000000080076ec       0x3c /Applications/CrossWorks for ARM 4.3/lib/libc_v6m_t_le_eabi.a(libc2.o)
                0x00000000080076ec                __putc
 .text.libc.__RAL_print_padding
                0x0000000008007728       0x18 /Applications/CrossWorks for ARM 4.3/lib/libc_v6m_t_le_eabi.a(libc2.o)
                0x0000000008007728                __RAL_print_padding
 .text.libc.__RAL_pre_padding
                0x0000000008007740       0x16 /Applications/CrossWorks for ARM 4.3/lib/libc_v6m_t_le_eabi.a(libc2.o)
                0x0000000008007740                __RAL_pre_padding
 .text.libc.abs
                0x0000000008007756        0x8 /Applications/CrossWorks for ARM 4.3/lib/libc_v6m_t_le_eabi.a(libc2.o)
                0x0000000008007756                abs
 *fill*         0x000000000800775e        0x2 
 .text.libc.__aeabi_errno_addr
                0x0000000008007760       0x10 /Applications/CrossWorks for ARM 4.3/lib/libc_v6m_t_le_eabi.a(libc2.o)
                0x0000000008007760                __aeabi_errno_addr
 .text.libc.sprintf
                0x0000000008007770       0x28 /Applications/CrossWorks for ARM 4.3/lib/libc_v6m_t_le_eabi.a(libc2.o)
                0x0000000008007770                sprintf
 .text.libc.strcat
                0x0000000008007798       0x7c /Applications/CrossWorks for ARM 4.3/lib/libc_v6m_t_le_eabi.a(libc2.o)
                0x0000000008007798                strcat
 .text.libc.strncpy
                0x0000000008007814       0x3c /Applications/CrossWorks for ARM 4.3/lib/libc_v6m_t_le_eabi.a(libc2.o)
                0x0000000008007814                strncpy
 .text.libc.strnlen
                0x0000000008007850       0x26 /Applications/CrossWorks for ARM 4.3/lib/libc_v6m_t_le_eabi.a(libc2.o)
                0x0000000008007850                strnlen
 .text.libc.memcpy
                0x0000000008007876       0x16 /Applications/CrossWorks for ARM 4.3/lib/libc_v6m_t_le_eabi.a(libc2_asm.o)
                0x0000000008007876                memcpy
                0x0000000008007876                __aeabi_memcpy
                0x0000000008007876                __aeabi_memcpy4
                0x0000000008007876                __aeabi_memcpy8
 .text.libc.memcpy_fast
                0x000000000800788c        0x2 /Applications/CrossWorks for ARM 4.3/lib/libc_v6m_t_le_eabi.a(libc2_asm.o)
                0x000000000800788c                memcpy_fast
 .text.libc.memset
                0x000000000800788e       0x12 /Applications/CrossWorks for ARM 4.3/lib/libc_v6m_t_le_eabi.a(libc2_asm.o)
                0x000000000800788e                memset
 .text.libc.strlen
                0x00000000080078a0        0xe /Applications/CrossWorks for ARM 4.3/lib/libc_v6m_t_le_eabi.a(libc2_asm.o)
                0x00000000080078a0                strlen
 *fill*         0x00000000080078ae        0x2 
 .text.libc.__vfprintf_float_long_long
                0x00000000080078b0     0x1014 /Applications/CrossWorks for ARM 4.3/lib/libvfprintf_v6m_t_le_eabi.o
                0x00000000080078b0                __vfprintf_float_long_long
 .text.libc.__int64_to_float64
                0x00000000080088c4       0x60 /Applications/CrossWorks for ARM 4.3/lib/libm_v6m_t_le_eabi.a(libm_asm.o)
                0x00000000080088c4                __floatdidf
                0x00000000080088c4                __int64_to_float64
                0x00000000080088c4                __aeabi_l2d
                0x00000000080088e0                __RAL_aeabi_l2d_common
 .text.libc.__uint64_to_float64
                0x0000000008008924       0x18 /Applications/CrossWorks for ARM 4.3/lib/libm_v6m_t_le_eabi.a(libm_asm.o)
                0x0000000008008924                __uint64_to_float64
                0x0000000008008924                __aeabi_ul2d
                0x0000000008008924                __floatundidf
 .text.libc.__float64_to_uint64
                0x000000000800893c       0x4a /Applications/CrossWorks for ARM 4.3/lib/libm_v6m_t_le_eabi.a(libm_asm.o)
                0x000000000800893c                __aeabi_d2ulz
                0x000000000800893c                __fixunsdfdi
                0x000000000800893c                __float64_to_uint64
 .text.libc.__float64_add
                0x0000000008008986      0x1dc /Applications/CrossWorks for ARM 4.3/lib/libm_v6m_t_le_eabi.a(libm_asm.o)
                0x0000000008008986                __aeabi_drsub
                0x0000000008008990                __float64_sub
                0x0000000008008990                __aeabi_dsub
                0x0000000008008990                __subdf3
                0x000000000800899a                __adddf3
                0x000000000800899a                __float64_add
                0x000000000800899a                __aeabi_dadd
 *fill*         0x0000000008008b62        0x2 
 .text.libc.__float64_mul
                0x0000000008008b64      0x18c /Applications/CrossWorks for ARM 4.3/lib/libm_v6m_t_le_eabi.a(libm_asm.o)
                0x0000000008008b9c                __aeabi_dmul
                0x0000000008008b9c                __float64_mul
                0x0000000008008b9c                __muldf3
 .text.libc.__float64_div
                0x0000000008008cf0       0xc4 /Applications/CrossWorks for ARM 4.3/lib/libm_v6m_t_le_eabi.a(libm_asm.o)
                0x0000000008008cf0                __aeabi_ddiv
                0x0000000008008cf0                __divdf3
                0x0000000008008cf0                __float64_div
 .text.libc.__float64_cmpeq
                0x0000000008008db4       0x2e /Applications/CrossWorks for ARM 4.3/lib/libm_v6m_t_le_eabi.a(libm_asm.o)
                0x0000000008008db4                __aeabi_dcmpeq
 .text.libc.__float64_cmple
                0x0000000008008de2       0x44 /Applications/CrossWorks for ARM 4.3/lib/libm_v6m_t_le_eabi.a(libm_asm.o)
                0x0000000008008de2                __aeabi_dcmple
 .text.libc.__float64_cmpge
                0x0000000008008e26       0x44 /Applications/CrossWorks for ARM 4.3/lib/libm_v6m_t_le_eabi.a(libm_asm.o)
                0x0000000008008e26                __aeabi_dcmpge
 .text.libc.__float64_cmplt
                0x0000000008008e6a       0x3e /Applications/CrossWorks for ARM 4.3/lib/libm_v6m_t_le_eabi.a(libm_asm.o)
                0x0000000008008e6a                __aeabi_dcmplt
 .text.libc.__float64_cmpgt
                0x0000000008008ea8       0x3e /Applications/CrossWorks for ARM 4.3/lib/libm_v6m_t_le_eabi.a(libm_asm.o)
                0x0000000008008ea8                __aeabi_dcmpgt
 .text.libc.__float64_signbit
                0x0000000008008ee6        0x6 /Applications/CrossWorks for ARM 4.3/lib/libm_v6m_t_le_eabi.a(libm_asm.o)
                0x0000000008008ee6                __float64_signbit
 .text.libc.__float64_isinf
                0x0000000008008eec       0x18 /Applications/CrossWorks for ARM 4.3/lib/libm_v6m_t_le_eabi.a(libm_asm.o)
                0x0000000008008eec                __float64_isinf
 .text.libc.__float64_isnan
                0x0000000008008f04       0x18 /Applications/CrossWorks for ARM 4.3/lib/libm_v6m_t_le_eabi.a(libm_asm.o)
                0x0000000008008f04                __float64_isnan
 .text.libc.frexp
                0x0000000008008f1c       0x50 /Applications/CrossWorks for ARM 4.3/lib/libm_v6m_t_le_eabi.a(libm2.o)
                0x0000000008008f1c                frexp(double, int*)
                0x0000000008008f1c                frexp
 .text.libc.ldexp
                0x0000000008008f6c       0x70 /Applications/CrossWorks for ARM 4.3/lib/libm_v6m_t_le_eabi.a(libm2.o)
                0x0000000008008f6c                ldexp(double, int)
                0x0000000008008f6c                ldexp
 .text.libc.modf
                0x0000000008008fdc       0xa4 /Applications/CrossWorks for ARM 4.3/lib/libm_v6m_t_le_eabi.a(libm2.o)
                0x0000000008008fdc                modf
                0x0000000008008fdc                modf(double, double*)
 .text.libc.floor
                0x0000000008009080       0x98 /Applications/CrossWorks for ARM 4.3/lib/libm_v6m_t_le_eabi.a(libm2.o)
                0x0000000008009080                floor
                0x0000000008009080                floor(double)
 .text.libc.fmod
                0x0000000008009118      0x17c /Applications/CrossWorks for ARM 4.3/lib/libm_v6m_t_le_eabi.a(libm2.o)
                0x0000000008009118                fmod(double, double)
                0x0000000008009118                fmod
 .text.libc.fabs
                0x0000000008009294        0x6 /Applications/CrossWorks for ARM 4.3/lib/libm_v6m_t_le_eabi.a(libm2_asm.o)
                0x0000000008009294                fabs
                0x0000000008009294                fabs(double)
                0x000000000800929a                __text_end__ = (__text_start__ + SIZEOF (.text))
                0x000000000000901e                __text_size__ = SIZEOF (.text)
                0x000000000800929a                __text_load_end__ = __text_end__

.vfp11_veneer   0x0000000100000000        0x0
 .vfp11_veneer  0x0000000100000000        0x0 linker stubs

.v4_bx          0x0000000100000000        0x0
 .v4_bx         0x0000000100000000        0x0 linker stubs

.iplt           0x0000000100000000        0x0
 .iplt          0x0000000100000000        0x0 Proj1 THUMB Debug/thumb_crt0.o
                0x0000000000000001                . = ASSERT (((__text_start__ == __text_end__) || ((__text_end__ >= __FLASH_segment_start__) && (__text_end__ <= __FLASH_segment_end__))), error: .text is too large to fit in FLASH memory segment)
                0x000000000800929c                __dtors_load_start__ = ALIGN (__text_end__, 0x4)

.dtors          0x000000000800929c        0x0
                0x000000000800929c                __dtors_start__ = .
 *(SORT_BY_NAME(.dtors.*))
 *(.dtors)
 *(.fini_array)
 *(SORT_BY_NAME(.fini_array.*))
                0x000000000800929c                __dtors_end__ = (__dtors_start__ + SIZEOF (.dtors))
                0x0000000000000000                __dtors_size__ = SIZEOF (.dtors)
                0x000000000800929c                __dtors_load_end__ = __dtors_end__
                0x0000000000000001                . = ASSERT (((__dtors_start__ == __dtors_end__) || ((__dtors_end__ >= __FLASH_segment_start__) && (__dtors_end__ <= __FLASH_segment_end__))), error: .dtors is too large to fit in FLASH memory segment)
                0x000000000800929c                __ctors_load_start__ = ALIGN (__dtors_end__, 0x4)

.ctors          0x000000000800929c        0x0
                0x000000000800929c                __ctors_start__ = .
 *(SORT_BY_NAME(.ctors.*))
 *(.ctors)
 *(.init_array)
 *(SORT_BY_NAME(.init_array.*))
                0x000000000800929c                __ctors_end__ = (__ctors_start__ + SIZEOF (.ctors))
                0x0000000000000000                __ctors_size__ = SIZEOF (.ctors)
                0x000000000800929c                __ctors_load_end__ = __ctors_end__
                0x0000000000000001                . = ASSERT (((__ctors_start__ == __ctors_end__) || ((__ctors_end__ >= __FLASH_segment_start__) && (__ctors_end__ <= __FLASH_segment_end__))), error: .ctors is too large to fit in FLASH memory segment)
                0x000000000800929c                __rodata_load_start__ = ALIGN (__ctors_end__, 0x4)

.rodata         0x000000000800929c      0x9cc
                0x000000000800929c                __rodata_start__ = .
 *(.rodata .rodata.* .gnu.linkonce.r.*)
 .rodata        0x000000000800929c       0x40 Proj1 THUMB Debug/main.o
 .rodata        0x00000000080092dc       0x3f Proj1 THUMB Debug/adc.o
 *fill*         0x000000000800931b        0x1 
 .rodata        0x000000000800931c       0x3f Proj1 THUMB Debug/i2c.o
 *fill*         0x000000000800935b        0x1 
 .rodata        0x000000000800935c       0x40 Proj1 THUMB Debug/iwdg.o
 .rodata        0x000000000800939c       0x41 Proj1 THUMB Debug/usart.o
 *fill*         0x00000000080093dd        0x3 
 .rodata        0x00000000080093e0       0x3f Proj1 THUMB Debug/tim.o
 *fill*         0x000000000800941f        0x1 
 .rodata        0x0000000008009420       0x59 Proj1 THUMB Debug/ds3231.o
 *fill*         0x0000000008009479        0x3 
 .rodata.adafruit
                0x000000000800947c      0x285 Proj1 THUMB Debug/font.o
                0x000000000800947c                adafruit
 *fill*         0x0000000008009701        0x3 
 .rodata        0x0000000008009704        0x2 Proj1 THUMB Debug/graphic_menu.o
 *fill*         0x0000000008009706        0x2 
 .rodata        0x0000000008009708       0x1d Proj1 THUMB Debug/menudef.o
 *fill*         0x0000000008009725        0x3 
 .rodata.degreeC
                0x0000000008009728        0x2 Proj1 THUMB Debug/thermostat.o
 *fill*         0x000000000800972a        0x2 
 .rodata        0x000000000800972c        0xa Proj1 THUMB Debug/thermostat.o
 *fill*         0x0000000008009736        0x2 
 .rodata.UART_SetConfig
                0x0000000008009738       0x48 Proj1 THUMB Debug/stm32l0xx_hal_uart.o
 .rodata.AHBPrescTable
                0x0000000008009780       0x10 Proj1 THUMB Debug/system_stm32l0xx.o
                0x0000000008009780                AHBPrescTable
 .rodata.APBPrescTable
                0x0000000008009790        0x8 Proj1 THUMB Debug/system_stm32l0xx.o
                0x0000000008009790                APBPrescTable
 .rodata.PLLMulTable
                0x0000000008009798        0x9 Proj1 THUMB Debug/system_stm32l0xx.o
                0x0000000008009798                PLLMulTable
 *fill*         0x00000000080097a1        0x3 
 .rodata.libc.__RAL_hex_lc
                0x00000000080097a4       0x10 /Applications/CrossWorks for ARM 4.3/lib/libc_v6m_t_le_eabi.a(libc2.o)
                0x00000000080097a4                __RAL_hex_lc
 .rodata.libc.__RAL_hex_uc
                0x00000000080097b4       0x10 /Applications/CrossWorks for ARM 4.3/lib/libc_v6m_t_le_eabi.a(libc2.o)
                0x00000000080097b4                __RAL_hex_uc
 .rodata.libc.__aeabi_EDOM
                0x00000000080097c4        0x4 /Applications/CrossWorks for ARM 4.3/lib/libc_v6m_t_le_eabi.a(libc2.o)
                0x00000000080097c4                __aeabi_EDOM
 .rodata.libc.__aeabi_ERANGE
                0x00000000080097c8        0x4 /Applications/CrossWorks for ARM 4.3/lib/libc_v6m_t_le_eabi.a(libc2.o)
                0x00000000080097c8                __aeabi_ERANGE
 *fill*         0x00000000080097cc        0x4 
 .rodata.libc.power
                0x00000000080097d0       0x48 /Applications/CrossWorks for ARM 4.3/lib/libc_v6m_t_le_eabi.a(libc2.o)
 .rodata.libc.__vfprintf_float_long_long
                0x0000000008009818      0x378 /Applications/CrossWorks for ARM 4.3/lib/libvfprintf_v6m_t_le_eabi.o
 .rodata.libc.__vfprintf_float_long.str1.4
                0x0000000008009b90       0x28 /Applications/CrossWorks for ARM 4.3/lib/libvfprintf_v6m_t_le_eabi.o
 .rodata.libc.__vfprintf_int.str1.4
                0x0000000008009bb8        0x8 /Applications/CrossWorks for ARM 4.3/lib/libvfprintf_v6m_t_le_eabi.o
                                          0x7 (size before relaxing)
 .rodata.libc.ipow10
                0x0000000008009bc0       0xa0 /Applications/CrossWorks for ARM 4.3/lib/libvfprintf_v6m_t_le_eabi.o
 .rodata.libc.__float64_nan
                0x0000000008009c60        0x8 /Applications/CrossWorks for ARM 4.3/lib/libm_v6m_t_le_eabi.a(libm_asm.o)
                0x0000000008009c60                __float64_nan
                0x0000000008009c68                __rodata_end__ = (__rodata_start__ + SIZEOF (.rodata))
                0x00000000000009cc                __rodata_size__ = SIZEOF (.rodata)
                0x0000000008009c68                __rodata_load_end__ = __rodata_end__

.rel.dyn        0x0000000008080000        0x0
 .rel.iplt      0x0000000008080000        0x0 Proj1 THUMB Debug/thumb_crt0.o
                0x0000000000000001                . = ASSERT (((__rodata_start__ == __rodata_end__) || ((__rodata_end__ >= __FLASH_segment_start__) && (__rodata_end__ <= __FLASH_segment_end__))), error: .rodata is too large to fit in FLASH memory segment)
                0x0000000008009c68                __ARM.exidx_load_start__ = ALIGN (__rodata_end__, 0x4)

.ARM.exidx      0x0000000008009c68        0x0
                0x0000000008009c68                __ARM.exidx_start__ = .
                0x0000000008009c68                __exidx_start = __ARM.exidx_start__
 *(.ARM.exidx .ARM.exidx.*)
                0x0000000008009c68                __ARM.exidx_end__ = (__ARM.exidx_start__ + SIZEOF (.ARM.exidx))
                0x0000000000000000                __ARM.exidx_size__ = SIZEOF (.ARM.exidx)
                0x0000000008009c68                __exidx_end = __ARM.exidx_end__
                0x0000000008009c68                __ARM.exidx_load_end__ = __ARM.exidx_end__
                0x0000000000000001                . = ASSERT (((__ARM.exidx_start__ == __ARM.exidx_end__) || ((__ARM.exidx_end__ >= __FLASH_segment_start__) && (__ARM.exidx_end__ <= __FLASH_segment_end__))), error: .ARM.exidx is too large to fit in FLASH memory segment)
                0x0000000008009c68                __fast_load_start__ = ALIGN (__ARM.exidx_end__, 0x4)

.fast           0x0000000020000000        0x0 load address 0x0000000008009c68
                0x0000000020000000                __fast_start__ = .
 *(.fast .fast.*)
                0x0000000020000000                __fast_end__ = (__fast_start__ + SIZEOF (.fast))
                0x0000000000000000                __fast_size__ = SIZEOF (.fast)
                0x0000000008009c68                __fast_load_end__ = (__fast_load_start__ + SIZEOF (.fast))
                0x0000000000000001                . = ASSERT (((__fast_load_start__ == __fast_load_end__) || ((__fast_load_end__ >= __FLASH_segment_start__) && (__fast_load_end__ <= __FLASH_segment_end__))), error: .fast is too large to fit in FLASH memory segment)

.fast_run       0x0000000020000000        0x0
                0x0000000020000000                __fast_run_start__ = .
                0x0000000020000000                . = MAX ((__fast_run_start__ + SIZEOF (.fast)), .)
                0x0000000020000000                __fast_run_end__ = (__fast_run_start__ + SIZEOF (.fast_run))
                0x0000000000000000                __fast_run_size__ = SIZEOF (.fast_run)
                0x0000000020000000                __fast_run_load_end__ = __fast_run_end__
                0x0000000000000001                . = ASSERT (((__fast_run_start__ == __fast_run_end__) || ((__fast_run_end__ >= __RAM_segment_start__) && (__fast_run_end__ <= __RAM_segment_end__))), error: .fast_run is too large to fit in RAM memory segment)
                0x0000000008009c68                __data_load_start__ = ALIGN ((__fast_load_start__ + SIZEOF (.fast)), 0x4)

.data           0x0000000020000000      0x2dc load address 0x0000000008009c68
                0x0000000020000000                __data_start__ = .
 *(.data .data.* .gnu.linkonce.d.*)
 .data.weekDays
                0x0000000020000000       0x20 Proj1 THUMB Debug/ds3231.o
 .data.font1    0x0000000020000020        0xc Proj1 THUMB Debug/font.o
                0x0000000020000020                font1
 .data.font2    0x000000002000002c        0xc Proj1 THUMB Debug/font.o
                0x000000002000002c                font2
 .data.currMenuPtr
                0x0000000020000038        0x4 Proj1 THUMB Debug/graphic_menu.o
 .data.emptyLine
                0x000000002000003c       0x15 Proj1 THUMB Debug/graphic_menu.o
 *fill*         0x0000000020000051        0x3 
 .data.hourName
                0x0000000020000054       0x15 Proj1 THUMB Debug/menudef.o
                0x0000000020000054                hourName
 *fill*         0x0000000020000069        0x3 
 .data.minuteName
                0x000000002000006c       0x15 Proj1 THUMB Debug/menudef.o
                0x000000002000006c                minuteName
 *fill*         0x0000000020000081        0x3 
 .data.dayName  0x0000000020000084       0x15 Proj1 THUMB Debug/menudef.o
                0x0000000020000084                dayName
 *fill*         0x0000000020000099        0x3 
 .data.weekdayName
                0x000000002000009c       0x15 Proj1 THUMB Debug/menudef.o
                0x000000002000009c                weekdayName
 *fill*         0x00000000200000b1        0x3 
 .data.monthName
                0x00000000200000b4       0x15 Proj1 THUMB Debug/menudef.o
                0x00000000200000b4                monthName
 *fill*         0x00000000200000c9        0x3 
 .data.yearName
                0x00000000200000cc       0x15 Proj1 THUMB Debug/menudef.o
                0x00000000200000cc                yearName
 *fill*         0x00000000200000e1        0x3 
 .data.tempMeasuredName
                0x00000000200000e4       0x15 Proj1 THUMB Debug/menudef.o
                0x00000000200000e4                tempMeasuredName
 *fill*         0x00000000200000f9        0x3 
 .data.tempWeekdayName
                0x00000000200000fc       0x15 Proj1 THUMB Debug/menudef.o
                0x00000000200000fc                tempWeekdayName
 *fill*         0x0000000020000111        0x3 
 .data.tempHourName
                0x0000000020000114       0x15 Proj1 THUMB Debug/menudef.o
                0x0000000020000114                tempHourName
 *fill*         0x0000000020000129        0x3 
 .data.tempDayName
                0x000000002000012c       0x15 Proj1 THUMB Debug/menudef.o
                0x000000002000012c                tempDayName
 *fill*         0x0000000020000141        0x3 
 .data.tempNightName
                0x0000000020000144       0x15 Proj1 THUMB Debug/menudef.o
                0x0000000020000144                tempNightName
 *fill*         0x0000000020000159        0x3 
 .data.tempStateName
                0x000000002000015c       0x15 Proj1 THUMB Debug/menudef.o
                0x000000002000015c                tempStateName
 *fill*         0x0000000020000171        0x3 
 .data.heatingIndicator
                0x0000000020000174        0x6 Proj1 THUMB Debug/menudef.o
                0x0000000020000174                heatingIndicator
 *fill*         0x000000002000017a        0x2 
 .data.stateIndicator
                0x000000002000017c        0x8 Proj1 THUMB Debug/menudef.o
                0x000000002000017c                stateIndicator
 .data.menuA0   0x0000000020000184       0x14 Proj1 THUMB Debug/menudef.o
                0x0000000020000184                menuA0
 .data.menuB0   0x0000000020000198       0x14 Proj1 THUMB Debug/menudef.o
                0x0000000020000198                menuB0
 .data.menuC0   0x00000000200001ac       0x14 Proj1 THUMB Debug/menudef.o
                0x00000000200001ac                menuC0
 .data.menuC5   0x00000000200001c0       0x14 Proj1 THUMB Debug/menudef.o
                0x00000000200001c0                menuC5
 .data.menuC4   0x00000000200001d4       0x14 Proj1 THUMB Debug/menudef.o
                0x00000000200001d4                menuC4
 .data.menuC3   0x00000000200001e8       0x14 Proj1 THUMB Debug/menudef.o
                0x00000000200001e8                menuC3
 .data.menuC2   0x00000000200001fc       0x14 Proj1 THUMB Debug/menudef.o
                0x00000000200001fc                menuC2
 .data.menuC1   0x0000000020000210       0x14 Proj1 THUMB Debug/menudef.o
                0x0000000020000210                menuC1
 .data.menuB4   0x0000000020000224       0x14 Proj1 THUMB Debug/menudef.o
                0x0000000020000224                menuB4
 .data.menuB3   0x0000000020000238       0x14 Proj1 THUMB Debug/menudef.o
                0x0000000020000238                menuB3
 .data.menuB2   0x000000002000024c       0x14 Proj1 THUMB Debug/menudef.o
                0x000000002000024c                menuB2
 .data.menuB1   0x0000000020000260       0x14 Proj1 THUMB Debug/menudef.o
                0x0000000020000260                menuB1
 .data.menuA2   0x0000000020000274       0x14 Proj1 THUMB Debug/menudef.o
                0x0000000020000274                menuA2
 .data.menuA1   0x0000000020000288       0x14 Proj1 THUMB Debug/menudef.o
                0x0000000020000288                menuA1
 .data.menu2    0x000000002000029c       0x14 Proj1 THUMB Debug/menudef.o
                0x000000002000029c                menu2
 .data.menu1    0x00000000200002b0       0x14 Proj1 THUMB Debug/menudef.o
                0x00000000200002b0                menu1
 .data.menu     0x00000000200002c4       0x14 Proj1 THUMB Debug/menudef.o
                0x00000000200002c4                menu
 .data.SystemCoreClock
                0x00000000200002d8        0x4 Proj1 THUMB Debug/system_stm32l0xx.o
                0x00000000200002d8                SystemCoreClock
                0x00000000200002dc                __data_end__ = (__data_start__ + SIZEOF (.data))
                0x00000000000002dc                __data_size__ = SIZEOF (.data)
                0x0000000008009f44                __data_load_end__ = (__data_load_start__ + SIZEOF (.data))

.igot.plt       0x0000000100000000        0x0
 .igot.plt      0x0000000100000000        0x0 Proj1 THUMB Debug/thumb_crt0.o
                0x0000000000000001                . = ASSERT (((__data_load_start__ == __data_load_end__) || ((__data_load_end__ >= __FLASH_segment_start__) && (__data_load_end__ <= __FLASH_segment_end__))), error: .data is too large to fit in FLASH memory segment)

.data_run       0x0000000020000000      0x2dc load address 0x0000000008009c68
                0x0000000020000000                __data_run_start__ = .
                0x00000000200002dc                . = MAX ((__data_run_start__ + SIZEOF (.data)), .)
 *fill*         0x0000000020000000      0x2dc 
                0x00000000200002dc                __data_run_end__ = (__data_run_start__ + SIZEOF (.data_run))
                0x00000000000002dc                __data_run_size__ = SIZEOF (.data_run)
                0x00000000200002dc                __data_run_load_end__ = __data_run_end__
                0x0000000000000001                . = ASSERT (((__data_run_start__ == __data_run_end__) || ((__data_run_end__ >= __RAM_segment_start__) && (__data_run_end__ <= __RAM_segment_end__))), error: .data_run is too large to fit in RAM memory segment)
                0x00000000200002dc                __bss_load_start__ = ALIGN (__data_run_end__, 0x4)

.bss            0x00000000200002dc      0xa90
                0x00000000200002dc                __bss_start__ = .
 *(.bss .bss.* .gnu.linkonce.b.*)
 .bss.hadc      0x00000000200002dc       0x60 Proj1 THUMB Debug/adc.o
                0x00000000200002dc                hadc
 .bss.hdma_adc  0x000000002000033c       0x40 Proj1 THUMB Debug/adc.o
                0x000000002000033c                hdma_adc
 .bss.hi2c1     0x000000002000037c       0x4c Proj1 THUMB Debug/i2c.o
                0x000000002000037c                hi2c1
 .bss.hi2c3     0x00000000200003c8       0x4c Proj1 THUMB Debug/i2c.o
                0x00000000200003c8                hi2c3
 .bss.hdma_i2c1_tx
                0x0000000020000414       0x40 Proj1 THUMB Debug/i2c.o
                0x0000000020000414                hdma_i2c1_tx
 .bss.hiwdg     0x0000000020000454       0x10 Proj1 THUMB Debug/iwdg.o
                0x0000000020000454                hiwdg
 .bss.hlpuart1  0x0000000020000464       0x70 Proj1 THUMB Debug/usart.o
                0x0000000020000464                hlpuart1
 .bss.htim6     0x00000000200004d4       0x38 Proj1 THUMB Debug/tim.o
                0x00000000200004d4                htim6
 .bss.menuindex
                0x000000002000050c        0x1 Proj1 THUMB Debug/graphic_menu.o
 .bss.menufirstpos
                0x000000002000050d        0x1 Proj1 THUMB Debug/graphic_menu.o
 *fill*         0x000000002000050e        0x2 
 .bss.currentFont
                0x0000000020000510        0x4 Proj1 THUMB Debug/graphicDisplay.o
 .bss.cursor    0x0000000020000514        0x2 Proj1 THUMB Debug/graphicDisplay.o
 *fill*         0x0000000020000516        0x2 
 .bss.time      0x0000000020000518        0x6 Proj1 THUMB Debug/menudef.o
                0x0000000020000518                time
 *fill*         0x000000002000051e        0x2 
 .bss.date      0x0000000020000520        0x8 Proj1 THUMB Debug/menudef.o
                0x0000000020000520                date
 .bss.temp      0x0000000020000528        0x3 Proj1 THUMB Debug/menudef.o
                0x0000000020000528                temp
 *fill*         0x000000002000052b        0x1 
 .bss.timeName  0x000000002000052c       0x15 Proj1 THUMB Debug/menudef.o
                0x000000002000052c                timeName
 *fill*         0x0000000020000541        0x3 
 .bss.dateName  0x0000000020000544       0x15 Proj1 THUMB Debug/menudef.o
                0x0000000020000544                dateName
 *fill*         0x0000000020000559        0x3 
 .bss.buffer    0x000000002000055c      0x400 Proj1 THUMB Debug/ssd1306.o
 .bss.bufferToSend
                0x000000002000095c      0x400 Proj1 THUMB Debug/ssd1306.o
 .bss.currentTick
                0x0000000020000d5c        0x4 Proj1 THUMB Debug/stateMachine.o
 .bss.adcValue  0x0000000020000d60        0x4 Proj1 THUMB Debug/thermostat.o
 .bss.uwTick    0x0000000020000d64        0x4 Proj1 THUMB Debug/stm32l0xx_hal.o
                0x0000000020000d64                uwTick
 .bss.libc.__user_format_extender
                0x0000000020000d68        0x4 /Applications/CrossWorks for ARM 4.3/lib/libc_v6m_t_le_eabi.a(libc2.o)
                0x0000000020000d68                __user_format_extender
 *(COMMON)
                0x0000000020000d6c                __bss_end__ = (__bss_start__ + SIZEOF (.bss))
                0x0000000000000a90                __bss_size__ = SIZEOF (.bss)
                0x0000000020000d6c                __bss_load_end__ = __bss_end__
                0x0000000000000001                . = ASSERT (((__bss_start__ == __bss_end__) || ((__bss_end__ >= __RAM_segment_start__) && (__bss_end__ <= __RAM_segment_end__))), error: .bss is too large to fit in RAM memory segment)
                0x0000000020000d6c                __tbss_load_start__ = ALIGN (__bss_end__, 0x4)

.tbss           0x0000000020000d6c        0x4
                0x0000000020000d6c                __tbss_start__ = .
 *(.tbss .tbss.*)
 .tbss.errno_val
                0x0000000020000d6c        0x4 /Applications/CrossWorks for ARM 4.3/lib/libc_v6m_t_le_eabi.a(libc2.o)
                0x0000000020000d70                __tbss_end__ = (__tbss_start__ + SIZEOF (.tbss))
                0x0000000000000004                __tbss_size__ = SIZEOF (.tbss)
                0x0000000020000d70                __tbss_load_end__ = __tbss_end__
                0x0000000000000001                . = ASSERT (((__tbss_start__ == __tbss_end__) || ((__tbss_end__ >= __RAM_segment_start__) && (__tbss_end__ <= __RAM_segment_end__))), error: .tbss is too large to fit in RAM memory segment)
                0x0000000008009f44                __tdata_load_start__ = ALIGN ((__data_load_start__ + SIZEOF (.data)), 0x4)

.tdata          0x0000000020000d70        0x0 load address 0x0000000008009f44
                0x0000000020000d70                __tdata_start__ = .
 *(.tdata .tdata.*)
                0x0000000020000d70                __tdata_end__ = (__tdata_start__ + SIZEOF (.tdata))
                0x0000000000000000                __tdata_size__ = SIZEOF (.tdata)
                0x0000000008009f44                __tdata_load_end__ = (__tdata_load_start__ + SIZEOF (.tdata))
                0x0000000008009f44                __FLASH_segment_used_end__ = (ALIGN ((__data_load_start__ + SIZEOF (.data)), 0x4) + SIZEOF (.tdata))
                0x0000000000009f44                __FLASH_segment_used_size__ = (__FLASH_segment_used_end__ - __FLASH_segment_start__)
                0x0000000000000001                . = ASSERT (((__tdata_load_start__ == __tdata_load_end__) || ((__tdata_load_end__ >= __FLASH_segment_start__) && (__tdata_load_end__ <= __FLASH_segment_end__))), error: .tdata is too large to fit in FLASH memory segment)

.tdata_run      0x0000000020000d70        0x0
                0x0000000020000d70                __tdata_run_start__ = .
                0x0000000020000d70                . = MAX ((__tdata_run_start__ + SIZEOF (.tdata)), .)
                0x0000000020000d70                __tdata_run_end__ = (__tdata_run_start__ + SIZEOF (.tdata_run))
                0x0000000000000000                __tdata_run_size__ = SIZEOF (.tdata_run)
                0x0000000020000d70                __tdata_run_load_end__ = __tdata_run_end__
                0x0000000000000001                . = ASSERT (((__tdata_run_start__ == __tdata_run_end__) || ((__tdata_run_end__ >= __RAM_segment_start__) && (__tdata_run_end__ <= __RAM_segment_end__))), error: .tdata_run is too large to fit in RAM memory segment)
                0x0000000020000d70                __non_init_load_start__ = ALIGN (__tdata_run_end__, 0x4)

.non_init       0x0000000020000d70        0x0
                0x0000000020000d70                __non_init_start__ = .
 *(.non_init .non_init.*)
                0x0000000020000d70                __non_init_end__ = (__non_init_start__ + SIZEOF (.non_init))
                0x0000000000000000                __non_init_size__ = SIZEOF (.non_init)
                0x0000000020000d70                __non_init_load_end__ = __non_init_end__
                0x0000000000000001                . = ASSERT (((__non_init_start__ == __non_init_end__) || ((__non_init_end__ >= __RAM_segment_start__) && (__non_init_end__ <= __RAM_segment_end__))), error: .non_init is too large to fit in RAM memory segment)
                0x0000000020000d70                __heap_load_start__ = ALIGN (__non_init_end__, 0x4)

.heap           0x0000000020000d70       0x80
                0x0000000020000d70                __heap_start__ = .
 *(.heap .heap.*)
                0x0000000020000df0                . = ALIGN (MAX ((__heap_start__ + __HEAPSIZE__), .), 0x4)
 *fill*         0x0000000020000d70       0x80 
                0x0000000020000df0                __heap_end__ = (__heap_start__ + SIZEOF (.heap))
                0x0000000000000080                __heap_size__ = SIZEOF (.heap)
                0x0000000020000df0                __heap_load_end__ = __heap_end__
                0x0000000000000001                . = ASSERT (((__heap_start__ == __heap_end__) || ((__heap_end__ >= __RAM_segment_start__) && (__heap_end__ <= __RAM_segment_end__))), error: .heap is too large to fit in RAM memory segment)
                0x0000000020000df0                __stack_load_start__ = ALIGN (__heap_end__, 0x8)

.stack          0x0000000020000df0      0x100
                0x0000000020000df0                __stack_start__ = .
 *(.stack .stack.*)
                0x0000000020000ef0                . = ALIGN (MAX ((__stack_start__ + __STACKSIZE__), .), 0x8)
 *fill*         0x0000000020000df0      0x100 
                0x0000000020000ef0                __stack_end__ = (__stack_start__ + SIZEOF (.stack))
                0x0000000000000100                __stack_size__ = SIZEOF (.stack)
                0x0000000020000ef0                __stack_load_end__ = __stack_end__
                0x0000000000000001                . = ASSERT (((__stack_start__ == __stack_end__) || ((__stack_end__ >= __RAM_segment_start__) && (__stack_end__ <= __RAM_segment_end__))), error: .stack is too large to fit in RAM memory segment)
                0x0000000020000ef0                __stack_process_load_start__ = ALIGN (__stack_end__, 0x8)

.stack_process  0x0000000020000ef0        0x0
                0x0000000020000ef0                __stack_process_start__ = .
 *(.stack_process .stack_process.*)
                0x0000000020000ef0                . = ALIGN (MAX ((__stack_process_start__ + __STACKSIZE_PROCESS__), .), 0x8)
                0x0000000020000ef0                __stack_process_end__ = (__stack_process_start__ + SIZEOF (.stack_process))
                0x0000000000000000                __stack_process_size__ = SIZEOF (.stack_process)
                0x0000000020000ef0                __stack_process_load_end__ = __stack_process_end__
                0x0000000020000ef0                __RAM_segment_used_end__ = (ALIGN (__stack_end__, 0x8) + SIZEOF (.stack_process))
                0x0000000000000ef0                __RAM_segment_used_size__ = (__RAM_segment_used_end__ - __RAM_segment_start__)
                0x0000000000000001                . = ASSERT (((__stack_process_start__ == __stack_process_end__) || ((__stack_process_end__ >= __RAM_segment_start__) && (__stack_process_end__ <= __RAM_segment_end__))), error: .stack_process is too large to fit in RAM memory segment)
START GROUP
LOAD Proj1 THUMB Debug/thumb_crt0.o
LOAD Proj1 THUMB Debug/STM32_Startup.o
LOAD Proj1 THUMB Debug/main.o
LOAD Proj1 THUMB Debug/gpio.o
LOAD Proj1 THUMB Debug/adc.o
LOAD Proj1 THUMB Debug/dma.o
LOAD Proj1 THUMB Debug/i2c.o
LOAD Proj1 THUMB Debug/iwdg.o
LOAD Proj1 THUMB Debug/usart.o
LOAD Proj1 THUMB Debug/tim.o
LOAD Proj1 THUMB Debug/stm32l0xx_it.o
LOAD Proj1 THUMB Debug/stm32l0xx_hal_msp.o
LOAD Proj1 THUMB Debug/clicker.o
LOAD Proj1 THUMB Debug/ds3231.o
LOAD Proj1 THUMB Debug/font.o
LOAD Proj1 THUMB Debug/graphic_menu.o
LOAD Proj1 THUMB Debug/graphicDisplay.o
LOAD Proj1 THUMB Debug/memoryI2C.o
LOAD Proj1 THUMB Debug/menudef.o
LOAD Proj1 THUMB Debug/ssd1306.o
LOAD Proj1 THUMB Debug/stateMachine.o
LOAD Proj1 THUMB Debug/thermostat.o
LOAD Proj1 THUMB Debug/stm32l0xx_hal_adc.o
LOAD Proj1 THUMB Debug/stm32l0xx_hal_adc_ex.o
LOAD Proj1 THUMB Debug/stm32l0xx_hal_i2c.o
LOAD Proj1 THUMB Debug/stm32l0xx_hal_i2c_ex.o
LOAD Proj1 THUMB Debug/stm32l0xx_hal_iwdg.o
LOAD Proj1 THUMB Debug/stm32l0xx_hal_uart.o
LOAD Proj1 THUMB Debug/stm32l0xx_hal_uart_ex.o
LOAD Proj1 THUMB Debug/stm32l0xx_hal_tim.o
LOAD Proj1 THUMB Debug/stm32l0xx_hal_tim_ex.o
LOAD Proj1 THUMB Debug/stm32l0xx_hal.o
LOAD Proj1 THUMB Debug/stm32l0xx_hal_rcc.o
LOAD Proj1 THUMB Debug/stm32l0xx_hal_rcc_ex.o
LOAD Proj1 THUMB Debug/stm32l0xx_hal_flash_ramfunc.o
LOAD Proj1 THUMB Debug/stm32l0xx_hal_flash.o
LOAD Proj1 THUMB Debug/stm32l0xx_hal_flash_ex.o
LOAD Proj1 THUMB Debug/stm32l0xx_hal_gpio.o
LOAD Proj1 THUMB Debug/stm32l0xx_hal_dma.o
LOAD Proj1 THUMB Debug/stm32l0xx_hal_pwr.o
LOAD Proj1 THUMB Debug/stm32l0xx_hal_pwr_ex.o
LOAD Proj1 THUMB Debug/stm32l0xx_hal_cortex.o
LOAD Proj1 THUMB Debug/system_stm32l0xx.o
LOAD /Applications/CrossWorks for ARM 4.3/lib/libdebugio_mempoll_v6m_t_le_eabi.a
LOAD /Applications/CrossWorks for ARM 4.3/lib/libm_v6m_t_le_eabi.a
LOAD /Applications/CrossWorks for ARM 4.3/lib/libc_v6m_t_le_eabi.a
LOAD /Applications/CrossWorks for ARM 4.3/lib/libcpp_v6m_t_le_eabi.a
LOAD /Applications/CrossWorks for ARM 4.3/lib/libdebugio_v6m_t_le_eabi.a
LOAD /Applications/CrossWorks for ARM 4.3/lib/libvfprintf_v6m_t_le_eabi.o
LOAD /Applications/CrossWorks for ARM 4.3/lib/libvfscanf_v6m_t_le_eabi.o
END GROUP
OUTPUT(Proj1 THUMB Debug/Proj1.elf elf32-littlearm)

.ARM.attributes
                0x0000000000000000       0x2e
 .ARM.attributes
                0x0000000000000000       0x22 Proj1 THUMB Debug/thumb_crt0.o
 .ARM.attributes
                0x0000000000000022       0x22 Proj1 THUMB Debug/STM32_Startup.o
 .ARM.attributes
                0x0000000000000044       0x32 Proj1 THUMB Debug/main.o
 .ARM.attributes
                0x0000000000000076       0x32 Proj1 THUMB Debug/gpio.o
 .ARM.attributes
                0x00000000000000a8       0x32 Proj1 THUMB Debug/adc.o
 .ARM.attributes
                0x00000000000000da       0x32 Proj1 THUMB Debug/dma.o
 .ARM.attributes
                0x000000000000010c       0x32 Proj1 THUMB Debug/i2c.o
 .ARM.attributes
                0x000000000000013e       0x32 Proj1 THUMB Debug/iwdg.o
 .ARM.attributes
                0x0000000000000170       0x32 Proj1 THUMB Debug/usart.o
 .ARM.attributes
                0x00000000000001a2       0x32 Proj1 THUMB Debug/tim.o
 .ARM.attributes
                0x00000000000001d4       0x32 Proj1 THUMB Debug/stm32l0xx_it.o
 .ARM.attributes
                0x0000000000000206       0x32 Proj1 THUMB Debug/stm32l0xx_hal_msp.o
 .ARM.attributes
                0x0000000000000238       0x32 Proj1 THUMB Debug/clicker.o
 .ARM.attributes
                0x000000000000026a       0x32 Proj1 THUMB Debug/ds3231.o
 .ARM.attributes
                0x000000000000029c       0x32 Proj1 THUMB Debug/font.o
 .ARM.attributes
                0x00000000000002ce       0x32 Proj1 THUMB Debug/graphic_menu.o
 .ARM.attributes
                0x0000000000000300       0x32 Proj1 THUMB Debug/graphicDisplay.o
 .ARM.attributes
                0x0000000000000332       0x32 Proj1 THUMB Debug/memoryI2C.o
 .ARM.attributes
                0x0000000000000364       0x32 Proj1 THUMB Debug/menudef.o
 .ARM.attributes
                0x0000000000000396       0x32 Proj1 THUMB Debug/ssd1306.o
 .ARM.attributes
                0x00000000000003c8       0x32 Proj1 THUMB Debug/stateMachine.o
 .ARM.attributes
                0x00000000000003fa       0x32 Proj1 THUMB Debug/thermostat.o
 .ARM.attributes
                0x000000000000042c       0x32 Proj1 THUMB Debug/stm32l0xx_hal_adc.o
 .ARM.attributes
                0x000000000000045e       0x32 Proj1 THUMB Debug/stm32l0xx_hal_adc_ex.o
 .ARM.attributes
                0x0000000000000490       0x32 Proj1 THUMB Debug/stm32l0xx_hal_i2c.o
 .ARM.attributes
                0x00000000000004c2       0x32 Proj1 THUMB Debug/stm32l0xx_hal_i2c_ex.o
 .ARM.attributes
                0x00000000000004f4       0x32 Proj1 THUMB Debug/stm32l0xx_hal_iwdg.o
 .ARM.attributes
                0x0000000000000526       0x32 Proj1 THUMB Debug/stm32l0xx_hal_uart.o
 .ARM.attributes
                0x0000000000000558       0x32 Proj1 THUMB Debug/stm32l0xx_hal_tim.o
 .ARM.attributes
                0x000000000000058a       0x32 Proj1 THUMB Debug/stm32l0xx_hal_tim_ex.o
 .ARM.attributes
                0x00000000000005bc       0x32 Proj1 THUMB Debug/stm32l0xx_hal.o
 .ARM.attributes
                0x00000000000005ee       0x32 Proj1 THUMB Debug/stm32l0xx_hal_rcc.o
 .ARM.attributes
                0x0000000000000620       0x32 Proj1 THUMB Debug/stm32l0xx_hal_rcc_ex.o
 .ARM.attributes
                0x0000000000000652       0x32 Proj1 THUMB Debug/stm32l0xx_hal_gpio.o
 .ARM.attributes
                0x0000000000000684       0x32 Proj1 THUMB Debug/stm32l0xx_hal_dma.o
 .ARM.attributes
                0x00000000000006b6       0x32 Proj1 THUMB Debug/stm32l0xx_hal_cortex.o
 .ARM.attributes
                0x00000000000006e8       0x32 Proj1 THUMB Debug/system_stm32l0xx.o
 .ARM.attributes
                0x000000000000071a       0x1b /Applications/CrossWorks for ARM 4.3/lib/libc_v6m_t_le_eabi.a(libc_asm.o)
 .ARM.attributes
                0x0000000000000735       0x2b /Applications/CrossWorks for ARM 4.3/lib/libc_v6m_t_le_eabi.a(libc2.o)
 .ARM.attributes
                0x0000000000000760       0x1b /Applications/CrossWorks for ARM 4.3/lib/libc_v6m_t_le_eabi.a(libc2_asm.o)
 .ARM.attributes
                0x000000000000077b       0x2b /Applications/CrossWorks for ARM 4.3/lib/libvfprintf_v6m_t_le_eabi.o
 .ARM.attributes
                0x00000000000007a6       0x1b /Applications/CrossWorks for ARM 4.3/lib/libm_v6m_t_le_eabi.a(libm_asm.o)
 .ARM.attributes
                0x00000000000007c1       0x2b /Applications/CrossWorks for ARM 4.3/lib/libm_v6m_t_le_eabi.a(libm2.o)
 .ARM.attributes
                0x00000000000007ec       0x1b /Applications/CrossWorks for ARM 4.3/lib/libm_v6m_t_le_eabi.a(libm2_asm.o)

.comment        0x0000000000000000       0x4c
 .comment       0x0000000000000000       0x4c Proj1 THUMB Debug/main.o
                                         0x4d (size before relaxing)
 .comment       0x000000000000004c       0x4d Proj1 THUMB Debug/gpio.o
 .comment       0x000000000000004c       0x4d Proj1 THUMB Debug/adc.o
 .comment       0x000000000000004c       0x4d Proj1 THUMB Debug/dma.o
 .comment       0x000000000000004c       0x4d Proj1 THUMB Debug/i2c.o
 .comment       0x000000000000004c       0x4d Proj1 THUMB Debug/iwdg.o
 .comment       0x000000000000004c       0x4d Proj1 THUMB Debug/usart.o
 .comment       0x000000000000004c       0x4d Proj1 THUMB Debug/tim.o
 .comment       0x000000000000004c       0x4d Proj1 THUMB Debug/stm32l0xx_it.o
 .comment       0x000000000000004c       0x4d Proj1 THUMB Debug/stm32l0xx_hal_msp.o
 .comment       0x000000000000004c       0x4d Proj1 THUMB Debug/clicker.o
 .comment       0x000000000000004c       0x4d Proj1 THUMB Debug/ds3231.o
 .comment       0x000000000000004c       0x4d Proj1 THUMB Debug/font.o
 .comment       0x000000000000004c       0x4d Proj1 THUMB Debug/graphic_menu.o
 .comment       0x000000000000004c       0x4d Proj1 THUMB Debug/graphicDisplay.o
 .comment       0x000000000000004c       0x4d Proj1 THUMB Debug/memoryI2C.o
 .comment       0x000000000000004c       0x4d Proj1 THUMB Debug/menudef.o
 .comment       0x000000000000004c       0x4d Proj1 THUMB Debug/ssd1306.o
 .comment       0x000000000000004c       0x4d Proj1 THUMB Debug/stateMachine.o
 .comment       0x000000000000004c       0x4d Proj1 THUMB Debug/thermostat.o
 .comment       0x000000000000004c       0x4d Proj1 THUMB Debug/stm32l0xx_hal_adc.o
 .comment       0x000000000000004c       0x4d Proj1 THUMB Debug/stm32l0xx_hal_adc_ex.o
 .comment       0x000000000000004c       0x4d Proj1 THUMB Debug/stm32l0xx_hal_i2c.o
 .comment       0x000000000000004c       0x4d Proj1 THUMB Debug/stm32l0xx_hal_i2c_ex.o
 .comment       0x000000000000004c       0x4d Proj1 THUMB Debug/stm32l0xx_hal_iwdg.o
 .comment       0x000000000000004c       0x4d Proj1 THUMB Debug/stm32l0xx_hal_uart.o
 .comment       0x000000000000004c       0x4d Proj1 THUMB Debug/stm32l0xx_hal_tim.o
 .comment       0x000000000000004c       0x4d Proj1 THUMB Debug/stm32l0xx_hal_tim_ex.o
 .comment       0x000000000000004c       0x4d Proj1 THUMB Debug/stm32l0xx_hal.o
 .comment       0x000000000000004c       0x4d Proj1 THUMB Debug/stm32l0xx_hal_rcc.o
 .comment       0x000000000000004c       0x4d Proj1 THUMB Debug/stm32l0xx_hal_rcc_ex.o
 .comment       0x000000000000004c       0x4d Proj1 THUMB Debug/stm32l0xx_hal_gpio.o
 .comment       0x000000000000004c       0x4d Proj1 THUMB Debug/stm32l0xx_hal_dma.o
 .comment       0x000000000000004c       0x4d Proj1 THUMB Debug/stm32l0xx_hal_cortex.o
 .comment       0x000000000000004c       0x4d Proj1 THUMB Debug/system_stm32l0xx.o
 .comment       0x000000000000004c       0x4d /Applications/CrossWorks for ARM 4.3/lib/libc_v6m_t_le_eabi.a(libc2.o)
 .comment       0x000000000000004c       0x4d /Applications/CrossWorks for ARM 4.3/lib/libvfprintf_v6m_t_le_eabi.o
 .comment       0x000000000000004c       0x4d /Applications/CrossWorks for ARM 4.3/lib/libm_v6m_t_le_eabi.a(libm2.o)

.debug_line     0x0000000000000000     0xeac5
 .debug_line    0x0000000000000000      0x1d9 Proj1 THUMB Debug/thumb_crt0.o
 .debug_line    0x00000000000001d9       0xea Proj1 THUMB Debug/STM32_Startup.o
 .debug_line    0x00000000000002c3      0x562 Proj1 THUMB Debug/main.o
 .debug_line    0x0000000000000825      0x468 Proj1 THUMB Debug/gpio.o
 .debug_line    0x0000000000000c8d      0x4af Proj1 THUMB Debug/adc.o
 .debug_line    0x000000000000113c      0x44f Proj1 THUMB Debug/dma.o
 .debug_line    0x000000000000158b      0x4ea Proj1 THUMB Debug/i2c.o
 .debug_line    0x0000000000001a75      0x452 Proj1 THUMB Debug/iwdg.o
 .debug_line    0x0000000000001ec7      0x492 Proj1 THUMB Debug/usart.o
 .debug_line    0x0000000000002359      0x47a Proj1 THUMB Debug/tim.o
 .debug_line    0x00000000000027d3      0x4cb Proj1 THUMB Debug/stm32l0xx_it.o
 .debug_line    0x0000000000002c9e      0x454 Proj1 THUMB Debug/stm32l0xx_hal_msp.o
 .debug_line    0x00000000000030f2      0x4c6 Proj1 THUMB Debug/clicker.o
 .debug_line    0x00000000000035b8      0x575 Proj1 THUMB Debug/ds3231.o
 .debug_line    0x0000000000003b2d      0x44d Proj1 THUMB Debug/font.o
 .debug_line    0x0000000000003f7a      0x54a Proj1 THUMB Debug/graphic_menu.o
 .debug_line    0x00000000000044c4      0x5c7 Proj1 THUMB Debug/graphicDisplay.o
 .debug_line    0x0000000000004a8b      0x4ae Proj1 THUMB Debug/memoryI2C.o
 .debug_line    0x0000000000004f39      0x5f7 Proj1 THUMB Debug/menudef.o
 .debug_line    0x0000000000005530      0x50c Proj1 THUMB Debug/ssd1306.o
 .debug_line    0x0000000000005a3c      0x4fb Proj1 THUMB Debug/stateMachine.o
 .debug_line    0x0000000000005f37      0x5cc Proj1 THUMB Debug/thermostat.o
 .debug_line    0x0000000000006503      0x93b Proj1 THUMB Debug/stm32l0xx_hal_adc.o
 .debug_line    0x0000000000006e3e      0x565 Proj1 THUMB Debug/stm32l0xx_hal_adc_ex.o
 .debug_line    0x00000000000073a3     0x150d Proj1 THUMB Debug/stm32l0xx_hal_i2c.o
 .debug_line    0x00000000000088b0      0x5a6 Proj1 THUMB Debug/stm32l0xx_hal_i2c_ex.o